
=== PAIR: streamed overlap off vs on, 15 steps ===
    VRAM 15.21/15.47 GiB free | host 44.2/46.8 GiB
    statics built in 15.4 s
    14 row slabs of <= 64 rows (+1 halo row)
    forcing 1985-05-31 18:00:00: 14 slabs, perimeter kept; pool 8.70 GiB
    forcing 1985-06-01 00:00:00: 14 slabs, perimeter kept; pool 8.70 GiB
    forcing 1985-06-01 06:00:00: 14 slabs, perimeter kept; pool 8.70 GiB
    forcing 1985-06-01 12:00:00: 14 slabs, perimeter kept; pool 8.70 GiB
    forcing 1985-06-01 18:00:00: 14 slabs, perimeter kept; pool 8.70 GiB
    forcing 1985-05-31 12:00:00: 14 slabs, perimeter kept; pool 8.70 GiB
soil moisture floor: 2265 sub-air-dry land value(s) floored to the soil type's SMCDRY across ['SMOIS_L1', 'SMOIS_L2', 'SMOIS_L3', 'SMOIS_L4'] (min pre-floor 0.015464); WRF real.exe resets such columns to 0.005 (module_initialize_real.F:3376)
    prepared 960x864x49 from 6 forcing times in 140.4 s
    ingest device high-water 12.24 GiB (15851 B per mass cell)
    settling step SKIPPED (settle=False): this domain is past the resident ceiling, and run_tiled's inventory match is the guard that a lazy carrier cannot slip through
    store 139 carriers, 7.00 GiB pinned (184.9 B/cell); geography 15 arrays, 0.64 GiB
    before release: pool live 12.24 GiB, pool held 12.24 GiB, device free 2.77/15.47 GiB
    after release : pool live 0.00 GiB, pool held 0.00 GiB, device free 15.18/15.47 GiB
    halo 20;  16 tiles of 296x296, nbuffers 2
    windowed lateral boundaries: 16 tiles x 5 intervals x 6 fields = 1.74 GiB host
    STREAMED overlap=off 15 steps in 382.6s  digest 49fa0d9cc2a3cfca
    windowed lateral boundaries: 16 tiles x 5 intervals x 6 fields = 1.74 GiB host
    STREAMED overlap=on  15 steps in 369.4s  digest 49fa0d9cc2a3cfca
    scalars off {'elapsed_seconds': 180.0, 'call_counts': {'radiation': 1, 'sfclay': 15, 'noah': 15, 'ysu': 15, 'cumulus': 0, 'cumulus_history': 0}, 'ysu_nan_guard_fires': 0, 'microphysics_updates': 15} vs on {'elapsed_seconds': 180.0, 'call_counts': {'radiation': 1, 'sfclay': 15, 'noah': 15, 'ysu': 15, 'cumulus': 0, 'cumulus_history': 0}, 'ysu_nan_guard_fires': 0, 'microphysics_updates': 15}
    BIT-EXACT over all 139 carriers -- the chain changes nothing but the clock
RESULT {"steps": 15, "tile": 256, "halo": 20, "tiles": 16, "carriers": 139, "digest_off": "49fa0d9cc2a3cfca", "digest_on": "49fa0d9cc2a3cfca", "differ": [], "bitexact": true}
