
=== TWIN: resident vs streamed wrfout history, 6.0 h ===
    VRAM 15.21/15.47 GiB free | host 43.9/46.8 GiB
    statics built in 7.6 s
    9 row slabs of <= 64 rows (+1 halo row)
    forcing 1985-05-31 18:00:00: 9 slabs, perimeter kept; pool 3.92 GiB
    forcing 1985-06-01 00:00:00: 9 slabs, perimeter kept; pool 3.92 GiB
    forcing 1985-06-01 06:00:00: 9 slabs, perimeter kept; pool 3.92 GiB
    forcing 1985-06-01 12:00:00: 9 slabs, perimeter kept; pool 3.92 GiB
    forcing 1985-06-01 18:00:00: 9 slabs, perimeter kept; pool 3.92 GiB
    forcing 1985-05-31 12:00:00: 9 slabs, perimeter kept; pool 3.92 GiB
soil moisture floor: 985 sub-air-dry land value(s) floored to the soil type's SMCDRY across ['SMOIS_L1', 'SMOIS_L2', 'SMOIS_L3', 'SMOIS_L4'] (min pre-floor 0.0130313); WRF real.exe resets such columns to 0.005 (module_initialize_real.F:3376)
    prepared 648x576x49 from 6 forcing times in 62.1 s
    ingest device high-water 5.55 GiB (15960 B per mass cell)
    wrfout plan: 55 fields (22 three-dimensional), setup 293 MiB
    wrfout plan: 55 fields (22 three-dimensional), setup 293 MiB
    start scalars {'elapsed_seconds': 20.0, 'call_counts': {'radiation': 1, 'sfclay': 1, 'noah': 1, 'ysu': 1, 'cumulus': 0, 'cumulus_history': 0}, 'ysu_nan_guard_fires': 0, 'microphysics_updates': 1}; 139 carriers, 15 geography arrays
    6 frames every 180 steps (dt 20 s)
    wrfout keeps 65 fields; drops 5 volumetric carriers no product reads: QNCLOUD, QNGRAUPEL, QNICE, QNRAIN, QNSNOW
    [resident] t+1.00 h -> wrfout_d01_1985-05-31_13_00_00 [437s]
    [resident] t+2.00 h -> wrfout_d01_1985-05-31_14_00_00 [874s]
    [resident] t+3.00 h -> wrfout_d01_1985-05-31_15_00_00 [1311s]
    [resident] t+4.00 h -> wrfout_d01_1985-05-31_16_00_00 [1748s]
    [resident] t+5.00 h -> wrfout_d01_1985-05-31_17_00_00 [2184s]
    [resident] t+6.00 h -> wrfout_d01_1985-05-31_18_00_00 [2621s]
    RESIDENT final digest 84e38733205958bd  scalars {'elapsed_seconds': 21620.0, 'call_counts': {'radiation': 91, 'sfclay': 1081, 'noah': 1081, 'ysu': 1081, 'cumulus': 0, 'cumulus_history': 0}, 'ysu_nan_guard_fires': 0, 'microphysics_updates': 1081}
    before release: pool live 9.07 GiB, pool held 9.36 GiB, device free 4.75/15.47 GiB
    after release : pool live 0.09 GiB, pool held 0.28 GiB, device free 13.92/15.47 GiB
    4 tiles of 364x364, halo 20, nbuffers 3, overlap on
    windowed lateral boundaries: 4 tiles x 5 intervals x 6 fields = 0.54 GiB host
    wrfout keeps 65 fields; drops 5 volumetric carriers no product reads: QNCLOUD, QNGRAUPEL, QNICE, QNRAIN, QNSNOW
    [streamed] t+1.00 h -> wrfout_d01_1985-05-31_13_00_00 [1505s]
    [streamed] t+2.00 h -> wrfout_d01_1985-05-31_14_00_00 [3012s]
    [streamed] t+3.00 h -> wrfout_d01_1985-05-31_15_00_00 [4523s]
    [streamed] t+4.00 h -> wrfout_d01_1985-05-31_16_00_00 [6031s]
    [streamed] t+5.00 h -> wrfout_d01_1985-05-31_17_00_00 [7539s]
    [streamed] t+6.00 h -> wrfout_d01_1985-05-31_18_00_00 [9049s]
    STREAMED final digest 84e38733205958bd  scalars {'elapsed_seconds': 21620.0, 'call_counts': {'radiation': 91, 'sfclay': 1081, 'noah': 1081, 'ysu': 1081, 'cumulus': 0, 'cumulus_history': 0}, 'ysu_nan_guard_fires': 0, 'microphysics_updates': 1081}
RESULT {"hours": 6.0, "frames": 7, "tile": 324, "halo": 20, "tiles": 4, "overlap": "on", "resident_digest": "84e38733205958bd", "streamed_digest": "84e38733205958bd", "differ": [], "bitexact": true, "resident_dir": "/workspace/overlap/twin_a/resident", "streamed_dir": "/workspace/overlap/twin_a/streamed"}
