[32mActivated conda/uv virtual environment at [36m/venv/main[0m
=== CENSUS ===
dry (control)          CAPTURED 232 nodes
mp10 Morrison          CAPTURED 524 nodes
+km_opt=2 (TKE)        CAPTURED 736 nodes
+km_opt=4 (2D Smag)    CAPTURED 661 nodes
+sfclay MM5            CAPTURED 776 nodes
+YSU PBL               CAPTURED 791 nodes
+Noah LSM              CAPTURED 826 nodes
+RRTMGP radiation      CAPTURED 832 nodes
full(real74) +KF       CAPTURED 876 nodes
full+MYNN              REFUSED GraphCaptureError: the step could not be captured as a graph: the current stream is capturing, so D2H transfers are disall
full+Noah-MP           REFUSED GraphCaptureError: the step could not be captured as a graph: the current stream is capturing, so H2D transfers are disall
full+MYNN+Noah-MP      REFUSED GraphCaptureError: the step could not be captured as a graph: the current stream is capturing, so H2D transfers are disall
full+NSSL mp18         CAPTURED 1083 nodes
full fast cadence      CAPTURED 1471 nodes

11 of 14 rungs capture; 3 do not
=== CRASH REPRO (exact failing command, 3 attempts) ===
### attempt 1
# NVIDIA GeForce RTX 4090  full fast cadence  window^2 x 49  one buffer, no gather/scatter
cupy_backends.cuda.api.runtime.CUDARuntimeError: cudaErrorIllegalAddress: an illegal memory access was encountered
cupy_backends.cuda.api.driver.CUDADriverError: CUDA_ERROR_ILLEGAL_ADDRESS: an illegal memory access was encountered
cupy_backends.cuda.api.driver.CUDADriverError: CUDA_ERROR_ILLEGAL_ADDRESS: an illegal memory access was encountered
cupy_backends.cuda.api.driver.CUDADriverError: CUDA_ERROR_ILLEGAL_ADDRESS: an illegal memory access was encountered
cupy_backends.cuda.api.driver.CUDADriverError: CUDA_ERROR_ILLEGAL_ADDRESS: an illegal memory access was encountered
### attempt 2
# NVIDIA GeForce RTX 4090  full fast cadence  window^2 x 49  one buffer, no gather/scatter
cupy_backends.cuda.api.runtime.CUDARuntimeError: cudaErrorIllegalAddress: an illegal memory access was encountered
cupy_backends.cuda.api.driver.CUDADriverError: CUDA_ERROR_ILLEGAL_ADDRESS: an illegal memory access was encountered
cupy_backends.cuda.api.driver.CUDADriverError: CUDA_ERROR_ILLEGAL_ADDRESS: an illegal memory access was encountered
cupy_backends.cuda.api.driver.CUDADriverError: CUDA_ERROR_ILLEGAL_ADDRESS: an illegal memory access was encountered
cupy_backends.cuda.api.driver.CUDADriverError: CUDA_ERROR_ILLEGAL_ADDRESS: an illegal memory access was encountered
### attempt 3
# NVIDIA GeForce RTX 4090  full fast cadence  window^2 x 49  one buffer, no gather/scatter
cupy_backends.cuda.api.runtime.CUDARuntimeError: cudaErrorIllegalAddress: an illegal memory access was encountered
cupy_backends.cuda.api.driver.CUDADriverError: CUDA_ERROR_ILLEGAL_ADDRESS: an illegal memory access was encountered
cupy_backends.cuda.api.driver.CUDADriverError: CUDA_ERROR_ILLEGAL_ADDRESS: an illegal memory access was encountered
cupy_backends.cuda.api.driver.CUDADriverError: CUDA_ERROR_ILLEGAL_ADDRESS: an illegal memory access was encountered
cupy_backends.cuda.api.driver.CUDADriverError: CUDA_ERROR_ILLEGAL_ADDRESS: an illegal memory access was encountered
=== ALL DONE ===
