[32mActivated conda/uv virtual environment at [36m/venv/main[0m
### fast cadence w=128 warmup=1 steps=4
    128    819.539    855.050   -35.511   0.958x   2183     -16.27   168.7     1221  {'radiation': 4, 'sfclay': 0, 'noah': 0, 'ysu': 0, 'cumulus': 2, 'cumulus_history': 2} vs {'radiation': 4, 'sfclay': 0, 'noah': 0, 'ysu': 0, 'cumulus': 2, 'cumulus_history': 2}
   exit=0
### fast cadence w=128 warmup=1 steps=20
    128    817.486    814.365     3.121   1.004x   2183       1.43   196.3     1221  {'radiation': 20, 'sfclay': 1, 'noah': 1, 'ysu': 1, 'cumulus': 10, 'cumulus_history': 10} vs {'radiation': 20, 'sfclay': 1, 'noah': 1, 'ysu': 1, 'cumulus': 10, 'cumulus_history': 10}
   exit=0
### fast cadence w=128 warmup=2 steps=4
    128    821.879    850.241   -28.362   0.967x   2126     -13.34   177.2     1221  {'radiation': 4, 'sfclay': 0, 'noah': 0, 'ysu': 0, 'cumulus': 2, 'cumulus_history': 2} vs {'radiation': 4, 'sfclay': 0, 'noah': 0, 'ysu': 0, 'cumulus': 2, 'cumulus_history': 2}
   exit=0
### fast cadence w=128 warmup=2 steps=20
cupy_backends.cuda.api.runtime.CUDARuntimeError: cudaErrorIllegalAddress: an illegal memory access was encountered
cupy_backends.cuda.api.driver.CUDADriverError: CUDA_ERROR_ILLEGAL_ADDRESS: an illegal memory access was encountered
cupy_backends.cuda.api.driver.CUDADriverError: CUDA_ERROR_ILLEGAL_ADDRESS: an illegal memory access was encountered
   exit=0
### fast cadence w=128 warmup=3 steps=4
    128    813.851    847.456   -33.605   0.960x   2183     -15.39   186.1     1221  {'radiation': 4, 'sfclay': 0, 'noah': 0, 'ysu': 0, 'cumulus': 2, 'cumulus_history': 2} vs {'radiation': 4, 'sfclay': 0, 'noah': 0, 'ysu': 0, 'cumulus': 2, 'cumulus_history': 2}
   exit=0
### fast cadence w=128 warmup=3 steps=20
    128    816.632    814.582     2.050   1.003x   2183       0.94   187.9     1221  {'radiation': 20, 'sfclay': 1, 'noah': 1, 'ysu': 1, 'cumulus': 10, 'cumulus_history': 10} vs {'radiation': 20, 'sfclay': 1, 'noah': 1, 'ysu': 1, 'cumulus': 10, 'cumulus_history': 10}
   exit=0
### and the SHIP config for contrast (radiation never due)
    128     18.272     14.657     3.615   1.247x    876       4.13    90.6      126  {'radiation': 0, 'sfclay': 20, 'noah': 20, 'ysu': 20, 'cumulus': 0, 'cumulus_history': 0} vs {'radiation': 0, 'sfclay': 20, 'noah': 20, 'ysu': 20, 'cumulus': 0, 'cumulus_history': 0}
=== ISO DONE ===
