[32mActivated conda/uv virtual environment at [36m/venv/main[0m
### mutation sweep finished, GPU state:
0, 17967 MiB, 0 %
1, 1 MiB, 0 %

############ (1) STEP MODE, ship config, past the 500-cell line ############
# NVIDIA GeForce RTX 4090  full(real74) +KF  window^2 x 49  one buffer, no gather/scatter
 window  stream ms   graph ms  saved ms  speedup  nodes  us/launch  cap ms  pool MB  physics fired
    128     18.125     14.664     3.461   1.236x    876       3.95    69.3      126  {'radiation': 0, 'sfclay': 20, 'noah': 20, 'ysu': 20, 'cumulus': 1, 'cumulus_history': 1} vs {'radiation': 0, 'sfclay': 20, 'noah': 20, 'ysu': 20, 'cumulus': 0, 'cumulus_history': 0}
    224     47.146     44.614     2.532   1.057x    876       2.89    78.5      386  {'radiation': 0, 'sfclay': 20, 'noah': 20, 'ysu': 20, 'cumulus': 1, 'cumulus_history': 1} vs {'radiation': 0, 'sfclay': 20, 'noah': 20, 'ysu': 20, 'cumulus': 0, 'cumulus_history': 0}
    352    115.583    114.917     0.665   1.006x    876       0.76    74.0      954  {'radiation': 0, 'sfclay': 20, 'noah': 20, 'ysu': 20, 'cumulus': 1, 'cumulus_history': 1} vs {'radiation': 0, 'sfclay': 20, 'noah': 20, 'ysu': 20, 'cumulus': 0, 'cumulus_history': 0}
    544    298.460    297.874     0.586   1.002x    876       0.67    77.2     2278  {'radiation': 0, 'sfclay': 20, 'noah': 20, 'ysu': 20, 'cumulus': 1, 'cumulus_history': 1} vs {'radiation': 0, 'sfclay': 20, 'noah': 20, 'ysu': 20, 'cumulus': 0, 'cumulus_history': 0}
    672    454.948    454.319     0.628   1.001x    876       0.72    77.9     3476  {'radiation': 0, 'sfclay': 20, 'noah': 20, 'ysu': 20, 'cumulus': 1, 'cumulus_history': 1} vs {'radiation': 0, 'sfclay': 20, 'noah': 20, 'ysu': 20, 'cumulus': 0, 'cumulus_history': 0}
# wrote /root/arwen-skeptic-break/_t_ship_step.json

############ (2) STEP MODE, RADIATION EVERY STEP ############
# NVIDIA GeForce RTX 4090  full fast cadence  window^2 x 49  one buffer, no gather/scatter
 window  stream ms   graph ms  saved ms  speedup  nodes  us/launch  cap ms  pool MB  physics fired
Traceback (most recent call last):
  File "<frozen runpy>", line 198, in _run_module_as_main
  File "<frozen runpy>", line 88, in _run_code
  File "/root/arwen-skeptic-break/tilestream/bench_graph.py", line 435, in <module>
    raise SystemExit(main())
                     ^^^^^^
  File "/root/arwen-skeptic-break/tilestream/bench_graph.py", line 421, in main
    out = run_step_mode(args.rung, windows, args.steps, args.warmup,
          ^^^^^^^^^^^^^^^^^^^^^^^^^^^^^^^^^^^^^^^^^^^^^^^^^^^^^^^^^^
  File "/root/arwen-skeptic-break/tilestream/bench_graph.py", line 253, in run_step_mode
    s.synchronize()
  File "cupy/cuda/stream.pyx", line 272, in cupy.cuda.stream._BaseStream.synchronize
  File "cupy_backends/cuda/api/runtime.pyx", line 924, in cupy_backends.cuda.api.runtime.streamSynchronize
  File "cupy_backends/cuda/api/runtime.pyx", line 146, in cupy_backends.cuda.api.runtime.check_status
cupy_backends.cuda.api.runtime.CUDARuntimeError: cudaErrorIllegalAddress: an illegal memory access was encountered
Traceback (most recent call last):
  File "cupy_backends/cuda/api/driver.pyx", line 235, in cupy_backends.cuda.api.driver.moduleUnload
  File "cupy_backends/cuda/api/driver.pyx", line 64, in cupy_backends.cuda.api.driver.check_status
cupy_backends.cuda.api.driver.CUDADriverError: CUDA_ERROR_ILLEGAL_ADDRESS: an illegal memory access was encountered
Exception ignored in: 'cupy.cuda.function.Module.__dealloc__'
Traceback (most recent call last):
  File "cupy_backends/cuda/api/driver.pyx", line 235, in cupy_backends.cuda.api.driver.moduleUnload
  File "cupy_backends/cuda/api/driver.pyx", line 64, in cupy_backends.cuda.api.driver.check_status
cupy_backends.cuda.api.driver.CUDADriverError: CUDA_ERROR_ILLEGAL_ADDRESS: an illegal memory access was encountered
Traceback (most recent call last):
  File "cupy_backends/cuda/api/driver.pyx", line 235, in cupy_backends.cuda.api.driver.moduleUnload
  File "cupy_backends/cuda/api/driver.pyx", line 64, in cupy_backends.cuda.api.driver.check_status
cupy_backends.cuda.api.driver.CUDADriverError: CUDA_ERROR_ILLEGAL_ADDRESS: an illegal memory access was encountered
Exception ignored in: 'cupy.cuda.function.Module.__dealloc__'
Traceback (most recent call last):
  File "cupy_backends/cuda/api/driver.pyx", line 235, in cupy_backends.cuda.api.driver.moduleUnload
  File "cupy_backends/cuda/api/driver.pyx", line 64, in cupy_backends.cuda.api.driver.check_status
cupy_backends.cuda.api.driver.CUDADriverError: CUDA_ERROR_ILLEGAL_ADDRESS: an illegal memory access was encountered
Traceback (most recent call last):
  File "cupy_backends/cuda/api/driver.pyx", line 235, in cupy_backends.cuda.api.driver.moduleUnload
  File "cupy_backends/cuda/api/driver.pyx", line 64, in cupy_backends.cuda.api.driver.check_status
cupy_backends.cuda.api.driver.CUDADriverError: CUDA_ERROR_ILLEGAL_ADDRESS: an illegal memory access was encountered
Exception ignored in: 'cupy.cuda.function.Module.__dealloc__'
Traceback (most recent call last):
  File "cupy_backends/cuda/api/driver.pyx", line 235, in cupy_backends.cuda.api.driver.moduleUnload
  File "cupy_backends/cuda/api/driver.pyx", line 64, in cupy_backends.cuda.api.driver.check_status
cupy_backends.cuda.api.driver.CUDADriverError: CUDA_ERROR_ILLEGAL_ADDRESS: an illegal memory access was encountered
Traceback (most recent call last):
  File "cupy_backends/cuda/api/driver.pyx", line 235, in cupy_backends.cuda.api.driver.moduleUnload
  File "cupy_backends/cuda/api/driver.pyx", line 64, in cupy_backends.cuda.api.driver.check_status
cupy_backends.cuda.api.driver.CUDADriverError: CUDA_ERROR_ILLEGAL_ADDRESS: an illegal memory access was encountered
Exception ignored in: 'cupy.cuda.function.Module.__dealloc__'
Traceback (most recent call last):
  File "cupy_backends/cuda/api/driver.pyx", line 235, in cupy_backends.cuda.api.driver.moduleUnload
  File "cupy_backends/cuda/api/driver.pyx", line 64, in cupy_backends.cuda.api.driver.check_status
cupy_backends.cuda.api.driver.CUDADriverError: CUDA_ERROR_ILLEGAL_ADDRESS: an illegal memory access was encountered
Traceback (most recent call last):
  File "cupy_backends/cuda/api/driver.pyx", line 235, in cupy_backends.cuda.api.driver.moduleUnload
  File "cupy_backends/cuda/api/driver.pyx", line 64, in cupy_backends.cuda.api.driver.check_status
cupy_backends.cuda.api.driver.CUDADriverError: CUDA_ERROR_ILLEGAL_ADDRESS: an illegal memory access was encountered
Exception ignored in: 'cupy.cuda.function.Module.__dealloc__'
Traceback (most recent call last):
  File "cupy_backends/cuda/api/driver.pyx", line 235, in cupy_backends.cuda.api.driver.moduleUnload
  File "cupy_backends/cuda/api/driver.pyx", line 64, in cupy_backends.cuda.api.driver.check_status
cupy_backends.cuda.api.driver.CUDADriverError: CUDA_ERROR_ILLEGAL_ADDRESS: an illegal memory access was encountered
Traceback (most recent call last):
  File "cupy_backends/cuda/api/driver.pyx", line 235, in cupy_backends.cuda.api.driver.moduleUnload
  File "cupy_backends/cuda/api/driver.pyx", line 64, in cupy_backends.cuda.api.driver.check_status
cupy_backends.cuda.api.driver.CUDADriverError: CUDA_ERROR_ILLEGAL_ADDRESS: an illegal memory access was encountered
Exception ignored in: 'cupy.cuda.function.Module.__dealloc__'
Traceback (most recent call last):
  File "cupy_backends/cuda/api/driver.pyx", line 235, in cupy_backends.cuda.api.driver.moduleUnload
  File "cupy_backends/cuda/api/driver.pyx", line 64, in cupy_backends.cuda.api.driver.check_status
cupy_backends.cuda.api.driver.CUDADriverError: CUDA_ERROR_ILLEGAL_ADDRESS: an illegal memory access was encountered
Traceback (most recent call last):
  File "cupy_backends/cuda/api/driver.pyx", line 235, in cupy_backends.cuda.api.driver.moduleUnload
  File "cupy_backends/cuda/api/driver.pyx", line 64, in cupy_backends.cuda.api.driver.check_status
cupy_backends.cuda.api.driver.CUDADriverError: CUDA_ERROR_ILLEGAL_ADDRESS: an illegal memory access was encountered
Exception ignored in: 'cupy.cuda.function.Module.__dealloc__'
Traceback (most recent call last):
  File "cupy_backends/cuda/api/driver.pyx", line 235, in cupy_backends.cuda.api.driver.moduleUnload
  File "cupy_backends/cuda/api/driver.pyx", line 64, in cupy_backends.cuda.api.driver.check_status
cupy_backends.cuda.api.driver.CUDADriverError: CUDA_ERROR_ILLEGAL_ADDRESS: an illegal memory access was encountered
Traceback (most recent call last):
  File "cupy_backends/cuda/api/driver.pyx", line 235, in cupy_backends.cuda.api.driver.moduleUnload
  File "cupy_backends/cuda/api/driver.pyx", line 64, in cupy_backends.cuda.api.driver.check_status
cupy_backends.cuda.api.driver.CUDADriverError: CUDA_ERROR_ILLEGAL_ADDRESS: an illegal memory access was encountered
Exception ignored in: 'cupy.cuda.function.Module.__dealloc__'
Traceback (most recent call last):
  File "cupy_backends/cuda/api/driver.pyx", line 235, in cupy_backends.cuda.api.driver.moduleUnload
  File "cupy_backends/cuda/api/driver.pyx", line 64, in cupy_backends.cuda.api.driver.check_status
cupy_backends.cuda.api.driver.CUDADriverError: CUDA_ERROR_ILLEGAL_ADDRESS: an illegal memory access was encountered
Traceback (most recent call last):
  File "cupy_backends/cuda/api/driver.pyx", line 235, in cupy_backends.cuda.api.driver.moduleUnload
  File "cupy_backends/cuda/api/driver.pyx", line 64, in cupy_backends.cuda.api.driver.check_status
cupy_backends.cuda.api.driver.CUDADriverError: CUDA_ERROR_ILLEGAL_ADDRESS: an illegal memory access was encountered
Exception ignored in: 'cupy.cuda.function.Module.__dealloc__'
Traceback (most recent call last):
  File "cupy_backends/cuda/api/driver.pyx", line 235, in cupy_backends.cuda.api.driver.moduleUnload
  File "cupy_backends/cuda/api/driver.pyx", line 64, in cupy_backends.cuda.api.driver.check_status
cupy_backends.cuda.api.driver.CUDADriverError: CUDA_ERROR_ILLEGAL_ADDRESS: an illegal memory access was encountered
Traceback (most recent call last):
  File "cupy_backends/cuda/api/driver.pyx", line 235, in cupy_backends.cuda.api.driver.moduleUnload
  File "cupy_backends/cuda/api/driver.pyx", line 64, in cupy_backends.cuda.api.driver.check_status
cupy_backends.cuda.api.driver.CUDADriverError: CUDA_ERROR_ILLEGAL_ADDRESS: an illegal memory access was encountered
Exception ignored in: 'cupy.cuda.function.Module.__dealloc__'
Traceback (most recent call last):
  File "cupy_backends/cuda/api/driver.pyx", line 235, in cupy_backends.cuda.api.driver.moduleUnload
  File "cupy_backends/cuda/api/driver.pyx", line 64, in cupy_backends.cuda.api.driver.check_status
cupy_backends.cuda.api.driver.CUDADriverError: CUDA_ERROR_ILLEGAL_ADDRESS: an illegal memory access was encountered
Traceback (most recent call last):
  File "cupy_backends/cuda/api/driver.pyx", line 235, in cupy_backends.cuda.api.driver.moduleUnload
  File "cupy_backends/cuda/api/driver.pyx", line 64, in cupy_backends.cuda.api.driver.check_status
cupy_backends.cuda.api.driver.CUDADriverError: CUDA_ERROR_ILLEGAL_ADDRESS: an illegal memory access was encountered
Exception ignored in: 'cupy.cuda.function.Module.__dealloc__'
Traceback (most recent call last):
  File "cupy_backends/cuda/api/driver.pyx", line 235, in cupy_backends.cuda.api.driver.moduleUnload
  File "cupy_backends/cuda/api/driver.pyx", line 64, in cupy_backends.cuda.api.driver.check_status
cupy_backends.cuda.api.driver.CUDADriverError: CUDA_ERROR_ILLEGAL_ADDRESS: an illegal memory access was encountered
Traceback (most recent call last):
  File "cupy_backends/cuda/api/driver.pyx", line 235, in cupy_backends.cuda.api.driver.moduleUnload
  File "cupy_backends/cuda/api/driver.pyx", line 64, in cupy_backends.cuda.api.driver.check_status
cupy_backends.cuda.api.driver.CUDADriverError: CUDA_ERROR_ILLEGAL_ADDRESS: an illegal memory access was encountered
Exception ignored in: 'cupy.cuda.function.Module.__dealloc__'
Traceback (most recent call last):
  File "cupy_backends/cuda/api/driver.pyx", line 235, in cupy_backends.cuda.api.driver.moduleUnload
  File "cupy_backends/cuda/api/driver.pyx", line 64, in cupy_backends.cuda.api.driver.check_status
cupy_backends.cuda.api.driver.CUDADriverError: CUDA_ERROR_ILLEGAL_ADDRESS: an illegal memory access was encountered
Traceback (most recent call last):
  File "cupy_backends/cuda/api/driver.pyx", line 235, in cupy_backends.cuda.api.driver.moduleUnload
  File "cupy_backends/cuda/api/driver.pyx", line 64, in cupy_backends.cuda.api.driver.check_status
cupy_backends.cuda.api.driver.CUDADriverError: CUDA_ERROR_ILLEGAL_ADDRESS: an illegal memory access was encountered
Exception ignored in: 'cupy.cuda.function.Module.__dealloc__'
Traceback (most recent call last):
  File "cupy_backends/cuda/api/driver.pyx", line 235, in cupy_backends.cuda.api.driver.moduleUnload
  File "cupy_backends/cuda/api/driver.pyx", line 64, in cupy_backends.cuda.api.driver.check_status
cupy_backends.cuda.api.driver.CUDADriverError: CUDA_ERROR_ILLEGAL_ADDRESS: an illegal memory access was encountered
Traceback (most recent call last):
  File "cupy_backends/cuda/api/driver.pyx", line 235, in cupy_backends.cuda.api.driver.moduleUnload
  File "cupy_backends/cuda/api/driver.pyx", line 64, in cupy_backends.cuda.api.driver.check_status
cupy_backends.cuda.api.driver.CUDADriverError: CUDA_ERROR_ILLEGAL_ADDRESS: an illegal memory access was encountered
Exception ignored in: 'cupy.cuda.function.Module.__dealloc__'
Traceback (most recent call last):
  File "cupy_backends/cuda/api/driver.pyx", line 235, in cupy_backends.cuda.api.driver.moduleUnload
  File "cupy_backends/cuda/api/driver.pyx", line 64, in cupy_backends.cuda.api.driver.check_status
cupy_backends.cuda.api.driver.CUDADriverError: CUDA_ERROR_ILLEGAL_ADDRESS: an illegal memory access was encountered
Traceback (most recent call last):
  File "cupy_backends/cuda/api/driver.pyx", line 235, in cupy_backends.cuda.api.driver.moduleUnload
  File "cupy_backends/cuda/api/driver.pyx", line 64, in cupy_backends.cuda.api.driver.check_status
cupy_backends.cuda.api.driver.CUDADriverError: CUDA_ERROR_ILLEGAL_ADDRESS: an illegal memory access was encountered
Exception ignored in: 'cupy.cuda.function.Module.__dealloc__'
Traceback (most recent call last):
  File "cupy_backends/cuda/api/driver.pyx", line 235, in cupy_backends.cuda.api.driver.moduleUnload
  File "cupy_backends/cuda/api/driver.pyx", line 64, in cupy_backends.cuda.api.driver.check_status
cupy_backends.cuda.api.driver.CUDADriverError: CUDA_ERROR_ILLEGAL_ADDRESS: an illegal memory access was encountered
Traceback (most recent call last):
  File "cupy_backends/cuda/api/driver.pyx", line 235, in cupy_backends.cuda.api.driver.moduleUnload
  File "cupy_backends/cuda/api/driver.pyx", line 64, in cupy_backends.cuda.api.driver.check_status
cupy_backends.cuda.api.driver.CUDADriverError: CUDA_ERROR_ILLEGAL_ADDRESS: an illegal memory access was encountered
Exception ignored in: 'cupy.cuda.function.Module.__dealloc__'
Traceback (most recent call last):
  File "cupy_backends/cuda/api/driver.pyx", line 235, in cupy_backends.cuda.api.driver.moduleUnload
  File "cupy_backends/cuda/api/driver.pyx", line 64, in cupy_backends.cuda.api.driver.check_status
cupy_backends.cuda.api.driver.CUDADriverError: CUDA_ERROR_ILLEGAL_ADDRESS: an illegal memory access was encountered
Traceback (most recent call last):
  File "cupy_backends/cuda/api/driver.pyx", line 235, in cupy_backends.cuda.api.driver.moduleUnload
  File "cupy_backends/cuda/api/driver.pyx", line 64, in cupy_backends.cuda.api.driver.check_status
cupy_backends.cuda.api.driver.CUDADriverError: CUDA_ERROR_ILLEGAL_ADDRESS: an illegal memory access was encountered
Exception ignored in: 'cupy.cuda.function.Module.__dealloc__'
Traceback (most recent call last):
  File "cupy_backends/cuda/api/driver.pyx", line 235, in cupy_backends.cuda.api.driver.moduleUnload
  File "cupy_backends/cuda/api/driver.pyx", line 64, in cupy_backends.cuda.api.driver.check_status
cupy_backends.cuda.api.driver.CUDADriverError: CUDA_ERROR_ILLEGAL_ADDRESS: an illegal memory access was encountered
Traceback (most recent call last):
  File "cupy_backends/cuda/api/driver.pyx", line 235, in cupy_backends.cuda.api.driver.moduleUnload
  File "cupy_backends/cuda/api/driver.pyx", line 64, in cupy_backends.cuda.api.driver.check_status
cupy_backends.cuda.api.driver.CUDADriverError: CUDA_ERROR_ILLEGAL_ADDRESS: an illegal memory access was encountered
Exception ignored in: 'cupy.cuda.function.Module.__dealloc__'
Traceback (most recent call last):
  File "cupy_backends/cuda/api/driver.pyx", line 235, in cupy_backends.cuda.api.driver.moduleUnload
  File "cupy_backends/cuda/api/driver.pyx", line 64, in cupy_backends.cuda.api.driver.check_status
cupy_backends.cuda.api.driver.CUDADriverError: CUDA_ERROR_ILLEGAL_ADDRESS: an illegal memory access was encountered
Traceback (most recent call last):
  File "cupy_backends/cuda/api/driver.pyx", line 235, in cupy_backends.cuda.api.driver.moduleUnload
  File "cupy_backends/cuda/api/driver.pyx", line 64, in cupy_backends.cuda.api.driver.check_status
cupy_backends.cuda.api.driver.CUDADriverError: CUDA_ERROR_ILLEGAL_ADDRESS: an illegal memory access was encountered
Exception ignored in: 'cupy.cuda.function.Module.__dealloc__'
Traceback (most recent call last):
  File "cupy_backends/cuda/api/driver.pyx", line 235, in cupy_backends.cuda.api.driver.moduleUnload
  File "cupy_backends/cuda/api/driver.pyx", line 64, in cupy_backends.cuda.api.driver.check_status
cupy_backends.cuda.api.driver.CUDADriverError: CUDA_ERROR_ILLEGAL_ADDRESS: an illegal memory access was encountered
Traceback (most recent call last):
  File "cupy_backends/cuda/api/driver.pyx", line 235, in cupy_backends.cuda.api.driver.moduleUnload
  File "cupy_backends/cuda/api/driver.pyx", line 64, in cupy_backends.cuda.api.driver.check_status
cupy_backends.cuda.api.driver.CUDADriverError: CUDA_ERROR_ILLEGAL_ADDRESS: an illegal memory access was encountered
Exception ignored in: 'cupy.cuda.function.Module.__dealloc__'
Traceback (most recent call last):
  File "cupy_backends/cuda/api/driver.pyx", line 235, in cupy_backends.cuda.api.driver.moduleUnload
  File "cupy_backends/cuda/api/driver.pyx", line 64, in cupy_backends.cuda.api.driver.check_status
cupy_backends.cuda.api.driver.CUDADriverError: CUDA_ERROR_ILLEGAL_ADDRESS: an illegal memory access was encountered
Traceback (most recent call last):
  File "cupy_backends/cuda/api/driver.pyx", line 235, in cupy_backends.cuda.api.driver.moduleUnload
  File "cupy_backends/cuda/api/driver.pyx", line 64, in cupy_backends.cuda.api.driver.check_status
cupy_backends.cuda.api.driver.CUDADriverError: CUDA_ERROR_ILLEGAL_ADDRESS: an illegal memory access was encountered
Exception ignored in: 'cupy.cuda.function.Module.__dealloc__'
Traceback (most recent call last):
  File "cupy_backends/cuda/api/driver.pyx", line 235, in cupy_backends.cuda.api.driver.moduleUnload
  File "cupy_backends/cuda/api/driver.pyx", line 64, in cupy_backends.cuda.api.driver.check_status
cupy_backends.cuda.api.driver.CUDADriverError: CUDA_ERROR_ILLEGAL_ADDRESS: an illegal memory access was encountered
Traceback (most recent call last):
  File "cupy_backends/cuda/api/driver.pyx", line 235, in cupy_backends.cuda.api.driver.moduleUnload
  File "cupy_backends/cuda/api/driver.pyx", line 64, in cupy_backends.cuda.api.driver.check_status
cupy_backends.cuda.api.driver.CUDADriverError: CUDA_ERROR_ILLEGAL_ADDRESS: an illegal memory access was encountered
Exception ignored in: 'cupy.cuda.function.Module.__dealloc__'
Traceback (most recent call last):
  File "cupy_backends/cuda/api/driver.pyx", line 235, in cupy_backends.cuda.api.driver.moduleUnload
  File "cupy_backends/cuda/api/driver.pyx", line 64, in cupy_backends.cuda.api.driver.check_status
cupy_backends.cuda.api.driver.CUDADriverError: CUDA_ERROR_ILLEGAL_ADDRESS: an illegal memory access was encountered
Traceback (most recent call last):
  File "cupy_backends/cuda/api/driver.pyx", line 235, in cupy_backends.cuda.api.driver.moduleUnload
  File "cupy_backends/cuda/api/driver.pyx", line 64, in cupy_backends.cuda.api.driver.check_status
cupy_backends.cuda.api.driver.CUDADriverError: CUDA_ERROR_ILLEGAL_ADDRESS: an illegal memory access was encountered
Exception ignored in: 'cupy.cuda.function.Module.__dealloc__'
Traceback (most recent call last):
  File "cupy_backends/cuda/api/driver.pyx", line 235, in cupy_backends.cuda.api.driver.moduleUnload
  File "cupy_backends/cuda/api/driver.pyx", line 64, in cupy_backends.cuda.api.driver.check_status
cupy_backends.cuda.api.driver.CUDADriverError: CUDA_ERROR_ILLEGAL_ADDRESS: an illegal memory access was encountered
Traceback (most recent call last):
  File "cupy_backends/cuda/api/driver.pyx", line 235, in cupy_backends.cuda.api.driver.moduleUnload
  File "cupy_backends/cuda/api/driver.pyx", line 64, in cupy_backends.cuda.api.driver.check_status
cupy_backends.cuda.api.driver.CUDADriverError: CUDA_ERROR_ILLEGAL_ADDRESS: an illegal memory access was encountered
Exception ignored in: 'cupy.cuda.function.Module.__dealloc__'
Traceback (most recent call last):
  File "cupy_backends/cuda/api/driver.pyx", line 235, in cupy_backends.cuda.api.driver.moduleUnload
  File "cupy_backends/cuda/api/driver.pyx", line 64, in cupy_backends.cuda.api.driver.check_status
cupy_backends.cuda.api.driver.CUDADriverError: CUDA_ERROR_ILLEGAL_ADDRESS: an illegal memory access was encountered
Traceback (most recent call last):
  File "cupy_backends/cuda/api/driver.pyx", line 235, in cupy_backends.cuda.api.driver.moduleUnload
  File "cupy_backends/cuda/api/driver.pyx", line 64, in cupy_backends.cuda.api.driver.check_status
cupy_backends.cuda.api.driver.CUDADriverError: CUDA_ERROR_ILLEGAL_ADDRESS: an illegal memory access was encountered
Exception ignored in: 'cupy.cuda.function.Module.__dealloc__'
Traceback (most recent call last):
  File "cupy_backends/cuda/api/driver.pyx", line 235, in cupy_backends.cuda.api.driver.moduleUnload
  File "cupy_backends/cuda/api/driver.pyx", line 64, in cupy_backends.cuda.api.driver.check_status
cupy_backends.cuda.api.driver.CUDADriverError: CUDA_ERROR_ILLEGAL_ADDRESS: an illegal memory access was encountered
Traceback (most recent call last):
  File "cupy_backends/cuda/api/driver.pyx", line 235, in cupy_backends.cuda.api.driver.moduleUnload
  File "cupy_backends/cuda/api/driver.pyx", line 64, in cupy_backends.cuda.api.driver.check_status
cupy_backends.cuda.api.driver.CUDADriverError: CUDA_ERROR_ILLEGAL_ADDRESS: an illegal memory access was encountered
Exception ignored in: 'cupy.cuda.function.Module.__dealloc__'
Traceback (most recent call last):
  File "cupy_backends/cuda/api/driver.pyx", line 235, in cupy_backends.cuda.api.driver.moduleUnload
  File "cupy_backends/cuda/api/driver.pyx", line 64, in cupy_backends.cuda.api.driver.check_status
cupy_backends.cuda.api.driver.CUDADriverError: CUDA_ERROR_ILLEGAL_ADDRESS: an illegal memory access was encountered
Traceback (most recent call last):
  File "cupy_backends/cuda/api/runtime.pyx", line 592, in cupy_backends.cuda.api.runtime.free
  File "cupy_backends/cuda/api/runtime.pyx", line 146, in cupy_backends.cuda.api.runtime.check_status
cupy_backends.cuda.api.runtime.CUDARuntimeError: cudaErrorIllegalAddress: an illegal memory access was encountered
Exception ignored in: 'cupy.cuda.memory.Memory.__dealloc__'
Traceback (most recent call last):
  File "cupy_backends/cuda/api/runtime.pyx", line 592, in cupy_backends.cuda.api.runtime.free
  File "cupy_backends/cuda/api/runtime.pyx", line 146, in cupy_backends.cuda.api.runtime.check_status
cupy_backends.cuda.api.runtime.CUDARuntimeError: cudaErrorIllegalAddress: an illegal memory access was encountered
Traceback (most recent call last):
  File "cupy_backends/cuda/api/runtime.pyx", line 592, in cupy_backends.cuda.api.runtime.free
  File "cupy_backends/cuda/api/runtime.pyx", line 146, in cupy_backends.cuda.api.runtime.check_status
cupy_backends.cuda.api.runtime.CUDARuntimeError: cudaErrorIllegalAddress: an illegal memory access was encountered
Exception ignored in: 'cupy.cuda.memory.Memory.__dealloc__'
Traceback (most recent call last):
  File "cupy_backends/cuda/api/runtime.pyx", line 592, in cupy_backends.cuda.api.runtime.free
  File "cupy_backends/cuda/api/runtime.pyx", line 146, in cupy_backends.cuda.api.runtime.check_status
cupy_backends.cuda.api.runtime.CUDARuntimeError: cudaErrorIllegalAddress: an illegal memory access was encountered
Traceback (most recent call last):
  File "cupy_backends/cuda/api/runtime.pyx", line 592, in cupy_backends.cuda.api.runtime.free
  File "cupy_backends/cuda/api/runtime.pyx", line 146, in cupy_backends.cuda.api.runtime.check_status
cupy_backends.cuda.api.runtime.CUDARuntimeError: cudaErrorIllegalAddress: an illegal memory access was encountered
Exception ignored in: 'cupy.cuda.memory.Memory.__dealloc__'
Traceback (most recent call last):
  File "cupy_backends/cuda/api/runtime.pyx", line 592, in cupy_backends.cuda.api.runtime.free
  File "cupy_backends/cuda/api/runtime.pyx", line 146, in cupy_backends.cuda.api.runtime.check_status
cupy_backends.cuda.api.runtime.CUDARuntimeError: cudaErrorIllegalAddress: an illegal memory access was encountered
Traceback (most recent call last):
  File "cupy_backends/cuda/api/runtime.pyx", line 592, in cupy_backends.cuda.api.runtime.free
  File "cupy_backends/cuda/api/runtime.pyx", line 146, in cupy_backends.cuda.api.runtime.check_status
cupy_backends.cuda.api.runtime.CUDARuntimeError: cudaErrorIllegalAddress: an illegal memory access was encountered
Exception ignored in: 'cupy.cuda.memory.Memory.__dealloc__'
Traceback (most recent call last):
  File "cupy_backends/cuda/api/runtime.pyx", line 592, in cupy_backends.cuda.api.runtime.free
  File "cupy_backends/cuda/api/runtime.pyx", line 146, in cupy_backends.cuda.api.runtime.check_status
cupy_backends.cuda.api.runtime.CUDARuntimeError: cudaErrorIllegalAddress: an illegal memory access was encountered
Traceback (most recent call last):
  File "cupy_backends/cuda/api/runtime.pyx", line 592, in cupy_backends.cuda.api.runtime.free
  File "cupy_backends/cuda/api/runtime.pyx", line 146, in cupy_backends.cuda.api.runtime.check_status
cupy_backends.cuda.api.runtime.CUDARuntimeError: cudaErrorIllegalAddress: an illegal memory access was encountered
Exception ignored in: 'cupy.cuda.memory.Memory.__dealloc__'
Traceback (most recent call last):
  File "cupy_backends/cuda/api/runtime.pyx", line 592, in cupy_backends.cuda.api.runtime.free
  File "cupy_backends/cuda/api/runtime.pyx", line 146, in cupy_backends.cuda.api.runtime.check_status
cupy_backends.cuda.api.runtime.CUDARuntimeError: cudaErrorIllegalAddress: an illegal memory access was encountered
Traceback (most recent call last):
  File "cupy_backends/cuda/api/runtime.pyx", line 592, in cupy_backends.cuda.api.runtime.free
  File "cupy_backends/cuda/api/runtime.pyx", line 146, in cupy_backends.cuda.api.runtime.check_status
cupy_backends.cuda.api.runtime.CUDARuntimeError: cudaErrorIllegalAddress: an illegal memory access was encountered
Exception ignored in: 'cupy.cuda.memory.Memory.__dealloc__'
Traceback (most recent call last):
  File "cupy_backends/cuda/api/runtime.pyx", line 592, in cupy_backends.cuda.api.runtime.free
  File "cupy_backends/cuda/api/runtime.pyx", line 146, in cupy_backends.cuda.api.runtime.check_status
cupy_backends.cuda.api.runtime.CUDARuntimeError: cudaErrorIllegalAddress: an illegal memory access was encountered
Traceback (most recent call last):
  File "cupy_backends/cuda/api/runtime.pyx", line 592, in cupy_backends.cuda.api.runtime.free
  File "cupy_backends/cuda/api/runtime.pyx", line 146, in cupy_backends.cuda.api.runtime.check_status
cupy_backends.cuda.api.runtime.CUDARuntimeError: cudaErrorIllegalAddress: an illegal memory access was encountered
Exception ignored in: 'cupy.cuda.memory.Memory.__dealloc__'
Traceback (most recent call last):
  File "cupy_backends/cuda/api/runtime.pyx", line 592, in cupy_backends.cuda.api.runtime.free
  File "cupy_backends/cuda/api/runtime.pyx", line 146, in cupy_backends.cuda.api.runtime.check_status
cupy_backends.cuda.api.runtime.CUDARuntimeError: cudaErrorIllegalAddress: an illegal memory access was encountered
Traceback (most recent call last):
  File "cupy_backends/cuda/api/runtime.pyx", line 592, in cupy_backends.cuda.api.runtime.free
  File "cupy_backends/cuda/api/runtime.pyx", line 146, in cupy_backends.cuda.api.runtime.check_status
cupy_backends.cuda.api.runtime.CUDARuntimeError: cudaErrorIllegalAddress: an illegal memory access was encountered
Exception ignored in: 'cupy.cuda.memory.Memory.__dealloc__'
Traceback (most recent call last):
  File "cupy_backends/cuda/api/runtime.pyx", line 592, in cupy_backends.cuda.api.runtime.free
  File "cupy_backends/cuda/api/runtime.pyx", line 146, in cupy_backends.cuda.api.runtime.check_status
cupy_backends.cuda.api.runtime.CUDARuntimeError: cudaErrorIllegalAddress: an illegal memory access was encountered
Traceback (most recent call last):
  File "cupy_backends/cuda/api/runtime.pyx", line 592, in cupy_backends.cuda.api.runtime.free
  File "cupy_backends/cuda/api/runtime.pyx", line 146, in cupy_backends.cuda.api.runtime.check_status
cupy_backends.cuda.api.runtime.CUDARuntimeError: cudaErrorIllegalAddress: an illegal memory access was encountered
Exception ignored in: 'cupy.cuda.memory.Memory.__dealloc__'
Traceback (most recent call last):
  File "cupy_backends/cuda/api/runtime.pyx", line 592, in cupy_backends.cuda.api.runtime.free
  File "cupy_backends/cuda/api/runtime.pyx", line 146, in cupy_backends.cuda.api.runtime.check_status
cupy_backends.cuda.api.runtime.CUDARuntimeError: cudaErrorIllegalAddress: an illegal memory access was encountered
Traceback (most recent call last):
  File "cupy_backends/cuda/api/runtime.pyx", line 592, in cupy_backends.cuda.api.runtime.free
  File "cupy_backends/cuda/api/runtime.pyx", line 146, in cupy_backends.cuda.api.runtime.check_status
cupy_backends.cuda.api.runtime.CUDARuntimeError: cudaErrorIllegalAddress: an illegal memory access was encountered
Exception ignored in: 'cupy.cuda.memory.Memory.__dealloc__'
Traceback (most recent call last):
  File "cupy_backends/cuda/api/runtime.pyx", line 592, in cupy_backends.cuda.api.runtime.free
  File "cupy_backends/cuda/api/runtime.pyx", line 146, in cupy_backends.cuda.api.runtime.check_status
cupy_backends.cuda.api.runtime.CUDARuntimeError: cudaErrorIllegalAddress: an illegal memory access was encountered
Traceback (most recent call last):
  File "cupy_backends/cuda/api/runtime.pyx", line 592, in cupy_backends.cuda.api.runtime.free
  File "cupy_backends/cuda/api/runtime.pyx", line 146, in cupy_backends.cuda.api.runtime.check_status
cupy_backends.cuda.api.runtime.CUDARuntimeError: cudaErrorIllegalAddress: an illegal memory access was encountered
Exception ignored in: 'cupy.cuda.memory.Memory.__dealloc__'
Traceback (most recent call last):
  File "cupy_backends/cuda/api/runtime.pyx", line 592, in cupy_backends.cuda.api.runtime.free
  File "cupy_backends/cuda/api/runtime.pyx", line 146, in cupy_backends.cuda.api.runtime.check_status
cupy_backends.cuda.api.runtime.CUDARuntimeError: cudaErrorIllegalAddress: an illegal memory access was encountered
Traceback (most recent call last):
  File "cupy_backends/cuda/api/runtime.pyx", line 592, in cupy_backends.cuda.api.runtime.free
  File "cupy_backends/cuda/api/runtime.pyx", line 146, in cupy_backends.cuda.api.runtime.check_status
cupy_backends.cuda.api.runtime.CUDARuntimeError: cudaErrorIllegalAddress: an illegal memory access was encountered
Exception ignored in: 'cupy.cuda.memory.Memory.__dealloc__'
Traceback (most recent call last):
  File "cupy_backends/cuda/api/runtime.pyx", line 592, in cupy_backends.cuda.api.runtime.free
  File "cupy_backends/cuda/api/runtime.pyx", line 146, in cupy_backends.cuda.api.runtime.check_status
cupy_backends.cuda.api.runtime.CUDARuntimeError: cudaErrorIllegalAddress: an illegal memory access was encountered
Traceback (most recent call last):
  File "cupy_backends/cuda/api/runtime.pyx", line 592, in cupy_backends.cuda.api.runtime.free
  File "cupy_backends/cuda/api/runtime.pyx", line 146, in cupy_backends.cuda.api.runtime.check_status
cupy_backends.cuda.api.runtime.CUDARuntimeError: cudaErrorIllegalAddress: an illegal memory access was encountered
Exception ignored in: 'cupy.cuda.memory.Memory.__dealloc__'
Traceback (most recent call last):
  File "cupy_backends/cuda/api/runtime.pyx", line 592, in cupy_backends.cuda.api.runtime.free
  File "cupy_backends/cuda/api/runtime.pyx", line 146, in cupy_backends.cuda.api.runtime.check_status
cupy_backends.cuda.api.runtime.CUDARuntimeError: cudaErrorIllegalAddress: an illegal memory access was encountered
Traceback (most recent call last):
  File "cupy_backends/cuda/api/runtime.pyx", line 592, in cupy_backends.cuda.api.runtime.free
  File "cupy_backends/cuda/api/runtime.pyx", line 146, in cupy_backends.cuda.api.runtime.check_status
cupy_backends.cuda.api.runtime.CUDARuntimeError: cudaErrorIllegalAddress: an illegal memory access was encountered
Exception ignored in: 'cupy.cuda.memory.Memory.__dealloc__'
Traceback (most recent call last):
  File "cupy_backends/cuda/api/runtime.pyx", line 592, in cupy_backends.cuda.api.runtime.free
  File "cupy_backends/cuda/api/runtime.pyx", line 146, in cupy_backends.cuda.api.runtime.check_status
cupy_backends.cuda.api.runtime.CUDARuntimeError: cudaErrorIllegalAddress: an illegal memory access was encountered
Traceback (most recent call last):
  File "cupy_backends/cuda/api/runtime.pyx", line 592, in cupy_backends.cuda.api.runtime.free
  File "cupy_backends/cuda/api/runtime.pyx", line 146, in cupy_backends.cuda.api.runtime.check_status
cupy_backends.cuda.api.runtime.CUDARuntimeError: cudaErrorIllegalAddress: an illegal memory access was encountered
Exception ignored in: 'cupy.cuda.memory.Memory.__dealloc__'
Traceback (most recent call last):
  File "cupy_backends/cuda/api/runtime.pyx", line 592, in cupy_backends.cuda.api.runtime.free
  File "cupy_backends/cuda/api/runtime.pyx", line 146, in cupy_backends.cuda.api.runtime.check_status
cupy_backends.cuda.api.runtime.CUDARuntimeError: cudaErrorIllegalAddress: an illegal memory access was encountered
Traceback (most recent call last):
  File "cupy_backends/cuda/api/runtime.pyx", line 592, in cupy_backends.cuda.api.runtime.free
  File "cupy_backends/cuda/api/runtime.pyx", line 146, in cupy_backends.cuda.api.runtime.check_status
cupy_backends.cuda.api.runtime.CUDARuntimeError: cudaErrorIllegalAddress: an illegal memory access was encountered
Exception ignored in: 'cupy.cuda.memory.Memory.__dealloc__'
Traceback (most recent call last):
  File "cupy_backends/cuda/api/runtime.pyx", line 592, in cupy_backends.cuda.api.runtime.free
  File "cupy_backends/cuda/api/runtime.pyx", line 146, in cupy_backends.cuda.api.runtime.check_status
cupy_backends.cuda.api.runtime.CUDARuntimeError: cudaErrorIllegalAddress: an illegal memory access was encountered
Traceback (most recent call last):
  File "cupy_backends/cuda/api/runtime.pyx", line 592, in cupy_backends.cuda.api.runtime.free
  File "cupy_backends/cuda/api/runtime.pyx", line 146, in cupy_backends.cuda.api.runtime.check_status
cupy_backends.cuda.api.runtime.CUDARuntimeError: cudaErrorIllegalAddress: an illegal memory access was encountered
Exception ignored in: 'cupy.cuda.memory.Memory.__dealloc__'
Traceback (most recent call last):
  File "cupy_backends/cuda/api/runtime.pyx", line 592, in cupy_backends.cuda.api.runtime.free
  File "cupy_backends/cuda/api/runtime.pyx", line 146, in cupy_backends.cuda.api.runtime.check_status
cupy_backends.cuda.api.runtime.CUDARuntimeError: cudaErrorIllegalAddress: an illegal memory access was encountered
Traceback (most recent call last):
  File "cupy_backends/cuda/api/runtime.pyx", line 592, in cupy_backends.cuda.api.runtime.free
  File "cupy_backends/cuda/api/runtime.pyx", line 146, in cupy_backends.cuda.api.runtime.check_status
cupy_backends.cuda.api.runtime.CUDARuntimeError: cudaErrorIllegalAddress: an illegal memory access was encountered
Exception ignored in: 'cupy.cuda.memory.Memory.__dealloc__'
Traceback (most recent call last):
  File "cupy_backends/cuda/api/runtime.pyx", line 592, in cupy_backends.cuda.api.runtime.free
  File "cupy_backends/cuda/api/runtime.pyx", line 146, in cupy_backends.cuda.api.runtime.check_status
cupy_backends.cuda.api.runtime.CUDARuntimeError: cudaErrorIllegalAddress: an illegal memory access was encountered
Traceback (most recent call last):
  File "cupy_backends/cuda/api/runtime.pyx", line 592, in cupy_backends.cuda.api.runtime.free
  File "cupy_backends/cuda/api/runtime.pyx", line 146, in cupy_backends.cuda.api.runtime.check_status
cupy_backends.cuda.api.runtime.CUDARuntimeError: cudaErrorIllegalAddress: an illegal memory access was encountered
Exception ignored in: 'cupy.cuda.memory.Memory.__dealloc__'
Traceback (most recent call last):
  File "cupy_backends/cuda/api/runtime.pyx", line 592, in cupy_backends.cuda.api.runtime.free
  File "cupy_backends/cuda/api/runtime.pyx", line 146, in cupy_backends.cuda.api.runtime.check_status
cupy_backends.cuda.api.runtime.CUDARuntimeError: cudaErrorIllegalAddress: an illegal memory access was encountered
Traceback (most recent call last):
  File "cupy_backends/cuda/api/runtime.pyx", line 592, in cupy_backends.cuda.api.runtime.free
  File "cupy_backends/cuda/api/runtime.pyx", line 146, in cupy_backends.cuda.api.runtime.check_status
cupy_backends.cuda.api.runtime.CUDARuntimeError: cudaErrorIllegalAddress: an illegal memory access was encountered
Exception ignored in: 'cupy.cuda.memory.Memory.__dealloc__'
Traceback (most recent call last):
  File "cupy_backends/cuda/api/runtime.pyx", line 592, in cupy_backends.cuda.api.runtime.free
  File "cupy_backends/cuda/api/runtime.pyx", line 146, in cupy_backends.cuda.api.runtime.check_status
cupy_backends.cuda.api.runtime.CUDARuntimeError: cudaErrorIllegalAddress: an illegal memory access was encountered
Traceback (most recent call last):
  File "cupy_backends/cuda/api/runtime.pyx", line 592, in cupy_backends.cuda.api.runtime.free
  File "cupy_backends/cuda/api/runtime.pyx", line 146, in cupy_backends.cuda.api.runtime.check_status
cupy_backends.cuda.api.runtime.CUDARuntimeError: cudaErrorIllegalAddress: an illegal memory access was encountered
Exception ignored in: 'cupy.cuda.memory.Memory.__dealloc__'
Traceback (most recent call last):
  File "cupy_backends/cuda/api/runtime.pyx", line 592, in cupy_backends.cuda.api.runtime.free
  File "cupy_backends/cuda/api/runtime.pyx", line 146, in cupy_backends.cuda.api.runtime.check_status
cupy_backends.cuda.api.runtime.CUDARuntimeError: cudaErrorIllegalAddress: an illegal memory access was encountered
Traceback (most recent call last):
  File "cupy_backends/cuda/api/runtime.pyx", line 592, in cupy_backends.cuda.api.runtime.free
  File "cupy_backends/cuda/api/runtime.pyx", line 146, in cupy_backends.cuda.api.runtime.check_status
cupy_backends.cuda.api.runtime.CUDARuntimeError: cudaErrorIllegalAddress: an illegal memory access was encountered
Exception ignored in: 'cupy.cuda.memory.Memory.__dealloc__'
Traceback (most recent call last):
  File "cupy_backends/cuda/api/runtime.pyx", line 592, in cupy_backends.cuda.api.runtime.free
  File "cupy_backends/cuda/api/runtime.pyx", line 146, in cupy_backends.cuda.api.runtime.check_status
cupy_backends.cuda.api.runtime.CUDARuntimeError: cudaErrorIllegalAddress: an illegal memory access was encountered
Traceback (most recent call last):
  File "cupy_backends/cuda/api/runtime.pyx", line 592, in cupy_backends.cuda.api.runtime.free
  File "cupy_backends/cuda/api/runtime.pyx", line 146, in cupy_backends.cuda.api.runtime.check_status
cupy_backends.cuda.api.runtime.CUDARuntimeError: cudaErrorIllegalAddress: an illegal memory access was encountered
Exception ignored in: 'cupy.cuda.memory.Memory.__dealloc__'
Traceback (most recent call last):
  File "cupy_backends/cuda/api/runtime.pyx", line 592, in cupy_backends.cuda.api.runtime.free
  File "cupy_backends/cuda/api/runtime.pyx", line 146, in cupy_backends.cuda.api.runtime.check_status
cupy_backends.cuda.api.runtime.CUDARuntimeError: cudaErrorIllegalAddress: an illegal memory access was encountered
Traceback (most recent call last):
  File "cupy_backends/cuda/api/driver.pyx", line 235, in cupy_backends.cuda.api.driver.moduleUnload
  File "cupy_backends/cuda/api/driver.pyx", line 64, in cupy_backends.cuda.api.driver.check_status
cupy_backends.cuda.api.driver.CUDADriverError: CUDA_ERROR_ILLEGAL_ADDRESS: an illegal memory access was encountered
Exception ignored in: 'cupy.cuda.function.Module.__dealloc__'
Traceback (most recent call last):
  File "cupy_backends/cuda/api/driver.pyx", line 235, in cupy_backends.cuda.api.driver.moduleUnload
  File "cupy_backends/cuda/api/driver.pyx", line 64, in cupy_backends.cuda.api.driver.check_status
cupy_backends.cuda.api.driver.CUDADriverError: CUDA_ERROR_ILLEGAL_ADDRESS: an illegal memory access was encountered
Traceback (most recent call last):
  File "cupy_backends/cuda/api/driver.pyx", line 235, in cupy_backends.cuda.api.driver.moduleUnload
  File "cupy_backends/cuda/api/driver.pyx", line 64, in cupy_backends.cuda.api.driver.check_status
cupy_backends.cuda.api.driver.CUDADriverError: CUDA_ERROR_ILLEGAL_ADDRESS: an illegal memory access was encountered
Exception ignored in: 'cupy.cuda.function.Module.__dealloc__'
Traceback (most recent call last):
  File "cupy_backends/cuda/api/driver.pyx", line 235, in cupy_backends.cuda.api.driver.moduleUnload
  File "cupy_backends/cuda/api/driver.pyx", line 64, in cupy_backends.cuda.api.driver.check_status
cupy_backends.cuda.api.driver.CUDADriverError: CUDA_ERROR_ILLEGAL_ADDRESS: an illegal memory access was encountered
Traceback (most recent call last):
  File "cupy_backends/cuda/api/driver.pyx", line 235, in cupy_backends.cuda.api.driver.moduleUnload
  File "cupy_backends/cuda/api/driver.pyx", line 64, in cupy_backends.cuda.api.driver.check_status
cupy_backends.cuda.api.driver.CUDADriverError: CUDA_ERROR_ILLEGAL_ADDRESS: an illegal memory access was encountered
Exception ignored in: 'cupy.cuda.function.Module.__dealloc__'
Traceback (most recent call last):
  File "cupy_backends/cuda/api/driver.pyx", line 235, in cupy_backends.cuda.api.driver.moduleUnload
  File "cupy_backends/cuda/api/driver.pyx", line 64, in cupy_backends.cuda.api.driver.check_status
cupy_backends.cuda.api.driver.CUDADriverError: CUDA_ERROR_ILLEGAL_ADDRESS: an illegal memory access was encountered
Traceback (most recent call last):
  File "cupy_backends/cuda/api/driver.pyx", line 235, in cupy_backends.cuda.api.driver.moduleUnload
  File "cupy_backends/cuda/api/driver.pyx", line 64, in cupy_backends.cuda.api.driver.check_status
cupy_backends.cuda.api.driver.CUDADriverError: CUDA_ERROR_ILLEGAL_ADDRESS: an illegal memory access was encountered
Exception ignored in: 'cupy.cuda.function.Module.__dealloc__'
Traceback (most recent call last):
  File "cupy_backends/cuda/api/driver.pyx", line 235, in cupy_backends.cuda.api.driver.moduleUnload
  File "cupy_backends/cuda/api/driver.pyx", line 64, in cupy_backends.cuda.api.driver.check_status
cupy_backends.cuda.api.driver.CUDADriverError: CUDA_ERROR_ILLEGAL_ADDRESS: an illegal memory access was encountered
Traceback (most recent call last):
  File "cupy_backends/cuda/api/driver.pyx", line 235, in cupy_backends.cuda.api.driver.moduleUnload
  File "cupy_backends/cuda/api/driver.pyx", line 64, in cupy_backends.cuda.api.driver.check_status
cupy_backends.cuda.api.driver.CUDADriverError: CUDA_ERROR_ILLEGAL_ADDRESS: an illegal memory access was encountered
Exception ignored in: 'cupy.cuda.function.Module.__dealloc__'
Traceback (most recent call last):
  File "cupy_backends/cuda/api/driver.pyx", line 235, in cupy_backends.cuda.api.driver.moduleUnload
  File "cupy_backends/cuda/api/driver.pyx", line 64, in cupy_backends.cuda.api.driver.check_status
cupy_backends.cuda.api.driver.CUDADriverError: CUDA_ERROR_ILLEGAL_ADDRESS: an illegal memory access was encountered
Traceback (most recent call last):
  File "cupy_backends/cuda/api/driver.pyx", line 235, in cupy_backends.cuda.api.driver.moduleUnload
  File "cupy_backends/cuda/api/driver.pyx", line 64, in cupy_backends.cuda.api.driver.check_status
cupy_backends.cuda.api.driver.CUDADriverError: CUDA_ERROR_ILLEGAL_ADDRESS: an illegal memory access was encountered
Exception ignored in: 'cupy.cuda.function.Module.__dealloc__'
Traceback (most recent call last):
  File "cupy_backends/cuda/api/driver.pyx", line 235, in cupy_backends.cuda.api.driver.moduleUnload
  File "cupy_backends/cuda/api/driver.pyx", line 64, in cupy_backends.cuda.api.driver.check_status
cupy_backends.cuda.api.driver.CUDADriverError: CUDA_ERROR_ILLEGAL_ADDRESS: an illegal memory access was encountered
Traceback (most recent call last):
  File "cupy_backends/cuda/api/driver.pyx", line 235, in cupy_backends.cuda.api.driver.moduleUnload
  File "cupy_backends/cuda/api/driver.pyx", line 64, in cupy_backends.cuda.api.driver.check_status
cupy_backends.cuda.api.driver.CUDADriverError: CUDA_ERROR_ILLEGAL_ADDRESS: an illegal memory access was encountered
Exception ignored in: 'cupy.cuda.function.Module.__dealloc__'
Traceback (most recent call last):
  File "cupy_backends/cuda/api/driver.pyx", line 235, in cupy_backends.cuda.api.driver.moduleUnload
  File "cupy_backends/cuda/api/driver.pyx", line 64, in cupy_backends.cuda.api.driver.check_status
cupy_backends.cuda.api.driver.CUDADriverError: CUDA_ERROR_ILLEGAL_ADDRESS: an illegal memory access was encountered
Traceback (most recent call last):
  File "cupy_backends/cuda/api/driver.pyx", line 235, in cupy_backends.cuda.api.driver.moduleUnload
  File "cupy_backends/cuda/api/driver.pyx", line 64, in cupy_backends.cuda.api.driver.check_status
cupy_backends.cuda.api.driver.CUDADriverError: CUDA_ERROR_ILLEGAL_ADDRESS: an illegal memory access was encountered
Exception ignored in: 'cupy.cuda.function.Module.__dealloc__'
Traceback (most recent call last):
  File "cupy_backends/cuda/api/driver.pyx", line 235, in cupy_backends.cuda.api.driver.moduleUnload
  File "cupy_backends/cuda/api/driver.pyx", line 64, in cupy_backends.cuda.api.driver.check_status
cupy_backends.cuda.api.driver.CUDADriverError: CUDA_ERROR_ILLEGAL_ADDRESS: an illegal memory access was encountered
Traceback (most recent call last):
  File "cupy_backends/cuda/api/driver.pyx", line 235, in cupy_backends.cuda.api.driver.moduleUnload
  File "cupy_backends/cuda/api/driver.pyx", line 64, in cupy_backends.cuda.api.driver.check_status
cupy_backends.cuda.api.driver.CUDADriverError: CUDA_ERROR_ILLEGAL_ADDRESS: an illegal memory access was encountered
Exception ignored in: 'cupy.cuda.function.Module.__dealloc__'
Traceback (most recent call last):
  File "cupy_backends/cuda/api/driver.pyx", line 235, in cupy_backends.cuda.api.driver.moduleUnload
  File "cupy_backends/cuda/api/driver.pyx", line 64, in cupy_backends.cuda.api.driver.check_status
cupy_backends.cuda.api.driver.CUDADriverError: CUDA_ERROR_ILLEGAL_ADDRESS: an illegal memory access was encountered
Traceback (most recent call last):
  File "cupy_backends/cuda/api/driver.pyx", line 235, in cupy_backends.cuda.api.driver.moduleUnload
  File "cupy_backends/cuda/api/driver.pyx", line 64, in cupy_backends.cuda.api.driver.check_status
cupy_backends.cuda.api.driver.CUDADriverError: CUDA_ERROR_ILLEGAL_ADDRESS: an illegal memory access was encountered
Exception ignored in: 'cupy.cuda.function.Module.__dealloc__'
Traceback (most recent call last):
  File "cupy_backends/cuda/api/driver.pyx", line 235, in cupy_backends.cuda.api.driver.moduleUnload
  File "cupy_backends/cuda/api/driver.pyx", line 64, in cupy_backends.cuda.api.driver.check_status
cupy_backends.cuda.api.driver.CUDADriverError: CUDA_ERROR_ILLEGAL_ADDRESS: an illegal memory access was encountered
Traceback (most recent call last):
  File "cupy_backends/cuda/api/driver.pyx", line 235, in cupy_backends.cuda.api.driver.moduleUnload
  File "cupy_backends/cuda/api/driver.pyx", line 64, in cupy_backends.cuda.api.driver.check_status
cupy_backends.cuda.api.driver.CUDADriverError: CUDA_ERROR_ILLEGAL_ADDRESS: an illegal memory access was encountered
Exception ignored in: 'cupy.cuda.function.Module.__dealloc__'
Traceback (most recent call last):
  File "cupy_backends/cuda/api/driver.pyx", line 235, in cupy_backends.cuda.api.driver.moduleUnload
  File "cupy_backends/cuda/api/driver.pyx", line 64, in cupy_backends.cuda.api.driver.check_status
cupy_backends.cuda.api.driver.CUDADriverError: CUDA_ERROR_ILLEGAL_ADDRESS: an illegal memory access was encountered
Traceback (most recent call last):
  File "cupy_backends/cuda/api/driver.pyx", line 235, in cupy_backends.cuda.api.driver.moduleUnload
  File "cupy_backends/cuda/api/driver.pyx", line 64, in cupy_backends.cuda.api.driver.check_status
cupy_backends.cuda.api.driver.CUDADriverError: CUDA_ERROR_ILLEGAL_ADDRESS: an illegal memory access was encountered
Exception ignored in: 'cupy.cuda.function.Module.__dealloc__'
Traceback (most recent call last):
  File "cupy_backends/cuda/api/driver.pyx", line 235, in cupy_backends.cuda.api.driver.moduleUnload
  File "cupy_backends/cuda/api/driver.pyx", line 64, in cupy_backends.cuda.api.driver.check_status
cupy_backends.cuda.api.driver.CUDADriverError: CUDA_ERROR_ILLEGAL_ADDRESS: an illegal memory access was encountered
Traceback (most recent call last):
  File "cupy_backends/cuda/api/driver.pyx", line 235, in cupy_backends.cuda.api.driver.moduleUnload
  File "cupy_backends/cuda/api/driver.pyx", line 64, in cupy_backends.cuda.api.driver.check_status
cupy_backends.cuda.api.driver.CUDADriverError: CUDA_ERROR_ILLEGAL_ADDRESS: an illegal memory access was encountered
Exception ignored in: 'cupy.cuda.function.Module.__dealloc__'
Traceback (most recent call last):
  File "cupy_backends/cuda/api/driver.pyx", line 235, in cupy_backends.cuda.api.driver.moduleUnload
  File "cupy_backends/cuda/api/driver.pyx", line 64, in cupy_backends.cuda.api.driver.check_status
cupy_backends.cuda.api.driver.CUDADriverError: CUDA_ERROR_ILLEGAL_ADDRESS: an illegal memory access was encountered
Traceback (most recent call last):
  File "cupy_backends/cuda/api/driver.pyx", line 235, in cupy_backends.cuda.api.driver.moduleUnload
  File "cupy_backends/cuda/api/driver.pyx", line 64, in cupy_backends.cuda.api.driver.check_status
cupy_backends.cuda.api.driver.CUDADriverError: CUDA_ERROR_ILLEGAL_ADDRESS: an illegal memory access was encountered
Exception ignored in: 'cupy.cuda.function.Module.__dealloc__'
Traceback (most recent call last):
  File "cupy_backends/cuda/api/driver.pyx", line 235, in cupy_backends.cuda.api.driver.moduleUnload
  File "cupy_backends/cuda/api/driver.pyx", line 64, in cupy_backends.cuda.api.driver.check_status
cupy_backends.cuda.api.driver.CUDADriverError: CUDA_ERROR_ILLEGAL_ADDRESS: an illegal memory access was encountered
Error in sys.excepthook:

Original exception was:
Error in sys.excepthook:

Original exception was:
Error in sys.excepthook:

Original exception was:
Error in sys.excepthook:

Original exception was:
Error in sys.excepthook:

Original exception was:
Error in sys.excepthook:

Original exception was:
Error in sys.excepthook:

Original exception was:
Error in sys.excepthook:

Original exception was:
Error in sys.excepthook:

Original exception was:
Error in sys.excepthook:

Original exception was:
Error in sys.excepthook:

Original exception was:
Error in sys.excepthook:

Original exception was:
Error in sys.excepthook:

Original exception was:
Error in sys.excepthook:

Original exception was:
Error in sys.excepthook:

Original exception was:
Error in sys.excepthook:

Original exception was:
Error in sys.excepthook:

Original exception was:
Error in sys.excepthook:

Original exception was:
Error in sys.excepthook:

Original exception was:
Error in sys.excepthook:

Original exception was:
Error in sys.excepthook:

Original exception was:
Error in sys.excepthook:

Original exception was:
Error in sys.excepthook:

Original exception was:
Error in sys.excepthook:

Original exception was:
Error in sys.excepthook:

Original exception was:
Error in sys.excepthook:

Original exception was:
Error in sys.excepthook:

Original exception was:
Error in sys.excepthook:

Original exception was:
Error in sys.excepthook:

Original exception was:
Error in sys.excepthook:

Original exception was:
Error in sys.excepthook:

Original exception was:

############ (3) SWEEP MODE, END TO END, shipping default reuse=sweep ############
# NVIDIA GeForce RTX 4090  full(real74) +KF  512^2 x 49  halo 16
# monolithic (resident, untiled): 253.019 ms/step   physics fired {'radiation': 0, 'sfclay': 4, 'noah': 4, 'ysu': 4, 'cumulus': 0, 'cumulus_history': 0}
 window   tile  tiles  stream ms   graph ms  speedup  tax off  tax on  nodes   cap/rep  physics fired
    160    128     16   1435.450   1443.550   0.994x    5.67x   5.71x    876    8/64    {'radiation': 0, 'sfclay': 4, 'noah': 4, 'ysu': 4, 'cumulus': 0, 'cumulus_history': 0} vs {'radiation': 0, 'sfclay': 4, 'noah': 4, 'ysu': 4, 'cumulus': 0, 'cumulus_history': 0}
Traceback (most recent call last):
  File "<frozen runpy>", line 198, in _run_module_as_main
  File "<frozen runpy>", line 88, in _run_code
  File "/root/arwen-skeptic-break/tilestream/bench_graph.py", line 435, in <module>
    raise SystemExit(main())
                     ^^^^^^
  File "/root/arwen-skeptic-break/tilestream/bench_graph.py", line 424, in main
    out = run(args.rung, args.domain, windows,
          ^^^^^^^^^^^^^^^^^^^^^^^^^^^^^^^^^^^^
  File "/root/arwen-skeptic-break/tilestream/bench_graph.py", line 353, in run
    ms, report, fired = tiled_step_ms(
                        ^^^^^^^^^^^^^^
  File "/root/arwen-skeptic-break/tilestream/bench_graph.py", line 149, in tiled_step_ms
    driver.run_tiled(store, cfg, tile, tile, halo=halo, nsteps=warmup,
  File "/root/arwen-skeptic-break/tilestream/driver.py", line 1152, in run_tiled
    tiles = [factory(tile_cfg) for _ in range(nbuffers)]
             ^^^^^^^^^^^^^^^^^
  File "/root/arwen-skeptic-break/tilestream/driver.py", line 290, in make_physics_tile_state
    _harness.run_steps(state, tile_cfg, int(warmup))
  File "/root/arwen-skeptic-break/tilestream/harness.py", line 603, in run_steps
    step(state, cfg, **step_kwargs)
  File "/root/arwen-skeptic-break/gpuwm/core/dycore.py", line 2287, in step
    physics_tendencies = state.physics.compute(state, cfg)
                         ^^^^^^^^^^^^^^^^^^^^^^^^^^^^^^^^^
  File "/root/arwen-skeptic-break/gpuwm/core/physics.py", line 3470, in compute
    self._run_radiation(atmosphere, state, cfg)
  File "/root/arwen-skeptic-break/gpuwm/core/physics.py", line 1905, in _run_radiation
    result = self.radiation_callable(
             ^^^^^^^^^^^^^^^^^^^^^^^^
  File "/root/arwen-skeptic-break/gpuwm/core/rrtmgp.py", line 2177, in __call__
    optics_lw = _finalize_cloud_optics(
                ^^^^^^^^^^^^^^^^^^^^^^^
  File "/root/arwen-skeptic-break/gpuwm/core/rrtmgp.py", line 1499, in _finalize_cloud_optics
    tau = (cp.empty_like(tau_gas) if out is None else
           ^^^^^^^^^^^^^^^^^^^^^^
  File "/venv/main/lib/python3.12/site-packages/cupy/_creation/basic.py", line 108, in empty_like
    return cupy.ndarray(shape, dtype, memptr, strides, order)
           ^^^^^^^^^^^^^^^^^^^^^^^^^^^^^^^^^^^^^^^^^^^^^^^^^^
  File "cupy/_core/core.pyx", line 176, in cupy._core.core.ndarray.__new__
  File "cupy/_core/core.pyx", line 282, in cupy._core.core._ndarray_base._init
  File "cupy/cuda/memory.pyx", line 904, in cupy.cuda.memory.alloc
  File "cupy/cuda/memory.pyx", line 1614, in cupy.cuda.memory.MemoryPool.malloc
  File "cupy/cuda/memory.pyx", line 1635, in cupy.cuda.memory.MemoryPool.malloc
  File "cupy/cuda/memory.pyx", line 1350, in cupy.cuda.memory.SingleDeviceMemoryPool.malloc
  File "cupy/cuda/memory.pyx", line 1376, in cupy.cuda.memory.SingleDeviceMemoryPool._malloc
  File "cupy/cuda/memory.pyx", line 1560, in cupy.cuda.memory.SingleDeviceMemoryPool._try_malloc
cupy.cuda.memory.OutOfMemoryError: Out of memory allocating 201,600,000 bytes (allocated so far: 21,195,000,320 bytes).

############ (4) SWEEP MODE, dry, more tiles per buffer ############
# NVIDIA GeForce RTX 4090  dry (control)  768^2 x 49  halo 16
# monolithic (resident, untiled): 119.936 ms/step   physics fired {'radiation': 0, 'cumulus': 0, 'sfclay': 0, 'noah': 0, 'ysu': 0}
 window   tile  tiles  stream ms   graph ms  speedup  tax off  tax on  nodes   cap/rep  physics fired
    160    128     36    174.912    177.936   0.983x    1.46x   1.48x    232    8/144   {} vs {}
    224    192     16    153.437    164.033   0.935x    1.28x   1.37x    232    8/64    {} vs {}
    288    256      9    152.421    162.659   0.937x    1.27x   1.36x    232    8/36    {} vs {}
# wrote /root/arwen-skeptic-break/_t_dry_sweep.json
### TIMING DONE
