TREE: /home/drew/arwen-reconcile/tilestream/__init__.py
DOMAIN 192 x 128 x 49 = 1.20 Mcell   grid 2x2 = 4 sub-domains on devices [0, 0, 0, 0]   halo=16
LADDER (0, 3, 240) steps   seam threshold 3.0
CUDA CONTEXTS ON THE BOX AT START: 0   (idle apart from this process)
  exchange rule ndim>=3  : 8 of 9 carriers  (drops ['mup'])
  exchange rule namespace: 9 of 9 carriers  (drops nothing)
  IC uniform  : horizontal range per carrier al=0, alt=0, mup=0, p=0, php=0, thp=0, u=0, v=0, w=0   -> FLAT
  IC perturbed: horizontal range per carrier al=0.00157738, alt=0.00157738, mup=56.9626, p=703.516, php=0, thp=1.44938, u=0.144965, v=0.144968, w=0.144972   -> STRUCTURED

--- ic=uniform   exchange=ndim>=3   ---
    0 steps  digest 35b647110183fed8  monolithic 35b647110183fed8  BITEXACT PASS  -> green
      SEAM mup (surface pressure prognostic) x: horizontally uniform, carries no seam signal, NOT GATED
      SEAM mup (surface pressure prognostic) y: horizontally uniform, carries no seam signal, NOT GATED
      SEAM p[0] (lowest-level pressure) x: horizontally uniform, carries no seam signal, NOT GATED
      SEAM p[0] (lowest-level pressure) y: horizontally uniform, carries no seam signal, NOT GATED
    3 steps  digest 514dbf57b64e4a53  monolithic 514dbf57b64e4a53  BITEXACT PASS  -> green
      SEAM mup (surface pressure prognostic) x: horizontally uniform, carries no seam signal, NOT GATED
      SEAM mup (surface pressure prognostic) y: horizontally uniform, carries no seam signal, NOT GATED
      SEAM p[0] (lowest-level pressure) x: horizontally uniform, carries no seam signal, NOT GATED
      SEAM p[0] (lowest-level pressure) y: horizontally uniform, carries no seam signal, NOT GATED
  240 steps  digest 0688b31e10507556  monolithic 0688b31e10507556  BITEXACT PASS  -> green
      SEAM mup (surface pressure prognostic) x: horizontally uniform, carries no seam signal, NOT GATED
      SEAM mup (surface pressure prognostic) y: horizontally uniform, carries no seam signal, NOT GATED
      SEAM p[0] (lowest-level pressure) x: horizontally uniform, carries no seam signal, NOT GATED
      SEAM p[0] (lowest-level pressure) y: horizontally uniform, carries no seam signal, NOT GATED

--- ic=uniform   exchange=namespace ---
    0 steps  digest 35b647110183fed8  monolithic 35b647110183fed8  BITEXACT PASS  -> green
      SEAM mup (surface pressure prognostic) x: horizontally uniform, carries no seam signal, NOT GATED
      SEAM mup (surface pressure prognostic) y: horizontally uniform, carries no seam signal, NOT GATED
      SEAM p[0] (lowest-level pressure) x: horizontally uniform, carries no seam signal, NOT GATED
      SEAM p[0] (lowest-level pressure) y: horizontally uniform, carries no seam signal, NOT GATED
    3 steps  digest 514dbf57b64e4a53  monolithic 514dbf57b64e4a53  BITEXACT PASS  -> green
      SEAM mup (surface pressure prognostic) x: horizontally uniform, carries no seam signal, NOT GATED
      SEAM mup (surface pressure prognostic) y: horizontally uniform, carries no seam signal, NOT GATED
      SEAM p[0] (lowest-level pressure) x: horizontally uniform, carries no seam signal, NOT GATED
      SEAM p[0] (lowest-level pressure) y: horizontally uniform, carries no seam signal, NOT GATED
  240 steps  digest 0688b31e10507556  monolithic 0688b31e10507556  BITEXACT PASS  -> green
      SEAM mup (surface pressure prognostic) x: horizontally uniform, carries no seam signal, NOT GATED
      SEAM mup (surface pressure prognostic) y: horizontally uniform, carries no seam signal, NOT GATED
      SEAM p[0] (lowest-level pressure) x: horizontally uniform, carries no seam signal, NOT GATED
      SEAM p[0] (lowest-level pressure) y: horizontally uniform, carries no seam signal, NOT GATED

--- ic=perturbed exchange=ndim>=3   ---
    0 steps  digest d519c745034e5887  monolithic d519c745034e5887  BITEXACT PASS  -> green
      SEAM mup (surface pressure prognostic) x: across 0.534314  elsewhere 0.437433  ratio 1.2215  PASS
      SEAM mup (surface pressure prognostic) y: across 0.843131  elsewhere 0.903554  ratio 0.9331  PASS
      SEAM p[0] (lowest-level pressure) x: across 18.6273  elsewhere 15.2195  ratio 1.2239  PASS
      SEAM p[0] (lowest-level pressure) y: across 19.5334  elsewhere 20.9546  ratio 0.9322  PASS
    3 steps  digest 36ed0d749d99b880  monolithic a64064fdc8e17271  BITEXACT FAIL  -> RED
      9 carriers differ: al, alt, mup, p, php, thp, u, v, w
        al: max|d|=2.98023e-06 over 9 x-columns, span (87, 178)
        alt: max|d|=2.98023e-06 over 9 x-columns, span (87, 178)
        mup: max|d|=0.00017786 over 40 x-columns, span (0, 191)
        p: max|d|=0.234375 over 11 x-columns, span (87, 178)
        php: max|d|=0.000411987 over 129 x-columns, span (0, 191)
        thp: max|d|=3.05176e-05 over 6 x-columns, span (89, 177)
        u: max|d|=2.49445e-05 over 112 x-columns, span (0, 192)
        v: max|d|=2.05785e-05 over 125 x-columns, span (0, 191)
      SEAM mup (surface pressure prognostic) x: across 9.37404  elsewhere 9.40779  ratio 0.9964  PASS
      SEAM mup (surface pressure prognostic) y: across 14.079  elsewhere 14.093  ratio 0.9990  PASS
      SEAM p[0] (lowest-level pressure) x: across 12.0024  elsewhere 11.8218  ratio 1.0153  PASS
      SEAM p[0] (lowest-level pressure) y: across 16.0479  elsewhere 16.3346  ratio 0.9824  PASS
  240 steps  digest 5b190e295a8e7b56  monolithic e58b4c292b1963f4  BITEXACT FAIL  -> RED
      9 carriers differ: al, alt, mup, p, php, thp, u, v, w
        al: max|d|=0.000367761 over 192 x-columns, span (0, 191)
        alt: max|d|=0.000367761 over 192 x-columns, span (0, 191)
        mup: max|d|=5.5105 over 192 x-columns, span (0, 191)
        p: max|d|=9.40625 over 192 x-columns, span (0, 191)
        php: max|d|=0.9039 over 192 x-columns, span (0, 191)
        thp: max|d|=0.110504 over 192 x-columns, span (0, 191)
        u: max|d|=0.103574 over 193 x-columns, span (0, 192)
        v: max|d|=0.0984603 over 192 x-columns, span (0, 191)
      SEAM mup (surface pressure prognostic) x: across 27.2565  elsewhere 27.1574  ratio 1.0037  PASS
      SEAM mup (surface pressure prognostic) y: across 40.4712  elsewhere 40.5373  ratio 0.9984  PASS
      SEAM p[0] (lowest-level pressure) x: across 5.77655  elsewhere 5.74806  ratio 1.0050  PASS
      SEAM p[0] (lowest-level pressure) y: across 8.31848  elsewhere 8.56362  ratio 0.9714  PASS

--- ic=perturbed exchange=namespace ---
    0 steps  digest d519c745034e5887  monolithic d519c745034e5887  BITEXACT PASS  -> green
      SEAM mup (surface pressure prognostic) x: across 0.534314  elsewhere 0.437433  ratio 1.2215  PASS
      SEAM mup (surface pressure prognostic) y: across 0.843131  elsewhere 0.903554  ratio 0.9331  PASS
      SEAM p[0] (lowest-level pressure) x: across 18.6273  elsewhere 15.2195  ratio 1.2239  PASS
      SEAM p[0] (lowest-level pressure) y: across 19.5334  elsewhere 20.9546  ratio 0.9322  PASS
    3 steps  digest a64064fdc8e17271  monolithic a64064fdc8e17271  BITEXACT PASS  -> green
      SEAM mup (surface pressure prognostic) x: across 9.37404  elsewhere 9.40779  ratio 0.9964  PASS
      SEAM mup (surface pressure prognostic) y: across 14.079  elsewhere 14.093  ratio 0.9990  PASS
      SEAM p[0] (lowest-level pressure) x: across 12.0024  elsewhere 11.8218  ratio 1.0153  PASS
      SEAM p[0] (lowest-level pressure) y: across 16.0479  elsewhere 16.3346  ratio 0.9824  PASS
  240 steps  digest e58b4c292b1963f4  monolithic e58b4c292b1963f4  BITEXACT PASS  -> green
      SEAM mup (surface pressure prognostic) x: across 27.198  elsewhere 27.1307  ratio 1.0025  PASS
      SEAM mup (surface pressure prognostic) y: across 40.3679  elsewhere 40.5013  ratio 0.9967  PASS
      SEAM p[0] (lowest-level pressure) x: across 5.76636  elsewhere 5.70028  ratio 1.0116  PASS
      SEAM p[0] (lowest-level pressure) y: across 8.2004  elsewhere 8.51284  ratio 0.9633  PASS

--- ic=perturbed exchange=namespace  +rank-tiled mup ---
    0 steps  digest f800aa83c9f2ce84  monolithic d519c745034e5887  BITEXACT FAIL  -> RED
      1 carriers differ: mup
        mup: max|d|=51.5292 over 192 x-columns, span (0, 191)
      SEAM mup (surface pressure prognostic) x: across 0.534314  elsewhere 0.441811  ratio 1.2094  PASS
      SEAM mup (surface pressure prognostic) y: across 25.4472  elsewhere 0.900984  ratio 28.2438  FAIL
      SEAM p[0] (lowest-level pressure) x: across 18.6273  elsewhere 15.2195  ratio 1.2239  PASS
      SEAM p[0] (lowest-level pressure) y: across 19.5334  elsewhere 20.9546  ratio 0.9322  PASS
    3 steps  digest a3339cdc8e69b838  monolithic a64064fdc8e17271  BITEXACT FAIL  -> RED
      9 carriers differ: al, alt, mup, p, php, thp, u, v, w
        al: max|d|=0.00135505 over 192 x-columns, span (0, 191)
        alt: max|d|=0.00135505 over 192 x-columns, span (0, 191)
        mup: max|d|=41.847 over 192 x-columns, span (0, 191)
        p: max|d|=78.6484 over 192 x-columns, span (0, 191)
        php: max|d|=2.48101 over 192 x-columns, span (0, 191)
        thp: max|d|=0.000427246 over 192 x-columns, span (0, 191)
        u: max|d|=0.0696758 over 193 x-columns, span (0, 192)
        v: max|d|=0.156445 over 192 x-columns, span (0, 191)
      SEAM mup (surface pressure prognostic) x: across 9.38884  elsewhere 9.40633  ratio 0.9981  PASS
      SEAM mup (surface pressure prognostic) y: across 13.9974  elsewhere 14.1518  ratio 0.9891  PASS
      SEAM p[0] (lowest-level pressure) x: across 12.0416  elsewhere 11.8257  ratio 1.0183  PASS
      SEAM p[0] (lowest-level pressure) y: across 17.2038  elsewhere 16.6079  ratio 1.0359  PASS
  240 steps  digest b913498a2c6beea0  monolithic e58b4c292b1963f4  BITEXACT FAIL  -> RED
      9 carriers differ: al, alt, mup, p, php, thp, u, v, w
        al: max|d|=0.00157642 over 192 x-columns, span (0, 191)
        alt: max|d|=0.00157642 over 192 x-columns, span (0, 191)
        mup: max|d|=32.4766 over 192 x-columns, span (0, 191)
        p: max|d|=56.3125 over 192 x-columns, span (0, 191)
        php: max|d|=3.416 over 192 x-columns, span (0, 191)
        thp: max|d|=0.451141 over 192 x-columns, span (0, 191)
        u: max|d|=0.3217 over 193 x-columns, span (0, 192)
        v: max|d|=0.455001 over 192 x-columns, span (0, 191)
      SEAM mup (surface pressure prognostic) x: across 27.2095  elsewhere 27.1309  ratio 1.0029  PASS
      SEAM mup (surface pressure prognostic) y: across 40.5242  elsewhere 40.5033  ratio 1.0005  PASS
      SEAM p[0] (lowest-level pressure) x: across 5.65582  elsewhere 5.6684  ratio 0.9978  PASS
      SEAM p[0] (lowest-level pressure) y: across 8.45479  elsewhere 8.43618  ratio 1.0022  PASS

==============================================================================
DISCRIMINATION MATRIX  (green = a gate in this configuration reports PASS)
==============================================================================
configuration                                       0          3        240
ic=uniform, exchange=ndim>=3                    green      green      green
ic=uniform, exchange=namespace                  green      green      green
ic=perturbed, exchange=ndim>=3                  green        RED        RED
ic=perturbed, exchange=namespace                green      green      green
ic=perturbed, exchange=namespace, rank-tiled mup      RED        RED        RED

THE PROOF THIS GATE DISCRIMINATES, in four cells:
  1. old conditions (uniform IC, 3 steps) + the SHIPPED exchange set  -> green
  2. hardened conditions (perturbed global-sliced IC, 240 steps) + the SAME shipped set -> RED
  3. hardened conditions + the namespace fix                                -> green
  4. hardened conditions + fix + defect 2 (rank-tiled mup)                  -> RED

EVOLUTION CHECK (a row that never moved cannot gate anything): every row integrated

CUDA CONTEXTS AT END: 1 (start 0).  Box idle throughout; clean.
elapsed 43.4 s
HARDENED SEAM GATE DISCRIMINATES: YES
