DOMAIN 256 x 192 x 49 = 2.41 Mcell   rung = full+MYNN+Noah-MP
CUDA CONTEXTS ON THE BOX AT START: 0  (idle apart from this process)

--- 1x1 = 1 ranks (1 ranks, interior 192x256, local-with-halo 224x288 (halo 16), 2.41 Mcell owned / 3.16 Mcell resident per rank) ---
  DomainStore 49x192x256: 228 carriers + 17 geography arrays, 0.66 GiB host, clock 0.0 s, has_msf=True rotational=True
  coverage: every point owned {'mass': [1], 'u': [1], 'v': [1]} time(s) -> PASS
  BITEXACT: 245 arrays reassembled, 0 differ -> PASS   [9.1 s]

--- 1x2 = 2 ranks (2 ranks, interior 192x128, local-with-halo 224x160 (halo 16), 1.20 Mcell owned / 1.76 Mcell resident per rank) ---
  DomainStore 49x192x256: 228 carriers + 17 geography arrays, 0.66 GiB host, clock 0.0 s, has_msf=True rotational=True
  coverage: every point owned {'mass': [1], 'u': [1], 'v': [1]} time(s) -> PASS
  BITEXACT: 245 arrays reassembled, 0 differ -> PASS   [8.9 s]
  SEAM fields/psfc x: field is horizontally uniform -- carries no seam signal, not gated
  SEAM state/mup x: across-boundary mean 23.3705, elsewhere 22.513, ratio 1.0381  PASS
  SEAM setup/ht x: across-boundary mean 4.25578, elsewhere 2.08172, ratio 2.0444  PASS

--- 2x2 = 4 ranks (4 ranks, interior 96x128, local-with-halo 128x160 (halo 16), 0.60 Mcell owned / 1.00 Mcell resident per rank) ---
  DomainStore 49x192x256: 228 carriers + 17 geography arrays, 0.66 GiB host, clock 0.0 s, has_msf=True rotational=True
  coverage: every point owned {'mass': [1], 'u': [1], 'v': [1]} time(s) -> PASS
  BITEXACT: 245 arrays reassembled, 0 differ -> PASS   [8.5 s]
  SEAM fields/psfc x: field is horizontally uniform -- carries no seam signal, not gated
  SEAM fields/psfc y: field is horizontally uniform -- carries no seam signal, not gated
  SEAM state/mup x: across-boundary mean 23.3705, elsewhere 22.513, ratio 1.0381  PASS
  SEAM state/mup y: across-boundary mean 22.5567, elsewhere 22.5099, ratio 1.0021  PASS
  SEAM setup/ht x: across-boundary mean 4.25578, elsewhere 2.08172, ratio 2.0444  PASS
  SEAM setup/ht y: across-boundary mean 1.12438, elsewhere 2.46455, ratio 0.4562  PASS

--- 2x4 = 8 ranks (8 ranks, interior 96x64, local-with-halo 128x96 (halo 16), 0.30 Mcell owned / 0.60 Mcell resident per rank) ---
  DomainStore 49x192x256: 228 carriers + 17 geography arrays, 0.66 GiB host, clock 0.0 s, has_msf=True rotational=True
  coverage: every point owned {'mass': [1], 'u': [1], 'v': [1]} time(s) -> PASS
  BITEXACT: 245 arrays reassembled, 0 differ -> PASS   [10.2 s]
  SEAM fields/psfc x: field is horizontally uniform -- carries no seam signal, not gated
  SEAM fields/psfc y: field is horizontally uniform -- carries no seam signal, not gated
  SEAM state/mup x: across-boundary mean 23.3915, elsewhere 22.5059, ratio 1.0393  PASS
  SEAM state/mup y: across-boundary mean 22.5567, elsewhere 22.5099, ratio 1.0021  PASS
  SEAM setup/ht x: across-boundary mean 2.93037, elsewhere 2.08025, ratio 1.4087  PASS
  SEAM setup/ht y: across-boundary mean 1.12438, elsewhere 2.46455, ratio 0.4562  PASS

CUDA CONTEXTS AT END: 1 (start 0).  Box idle throughout; verdict is clean.
GATE PASS
