TREE: /home/drew/arwen-reconcile/tilestream/__init__.py
DOMAIN 192 x 128 x 49 = 1.20 Mcell   grid 1x2 = 2 sub-domains on devices [0, 0]   halo=16
LADDER (1, 3, 24) steps   seam threshold 3.0
CUDA CONTEXTS ON THE BOX AT START: 0   (idle apart from this process)
  exchange rule ndim>=3  : 8 of 9 carriers  (drops ['mup'])
  exchange rule namespace: 9 of 9 carriers  (drops nothing)
  IC uniform  : horizontal range per carrier al=0, alt=0, mup=0, p=0, php=0, thp=0, u=0, v=0, w=0   -> FLAT
  IC perturbed: horizontal range per carrier al=0.00157738, alt=0.00157738, mup=56.9626, p=703.516, php=0, thp=1.44938, u=0.144965, v=0.144968, w=0.144972   -> STRUCTURED

--- ic=uniform   exchange=ndim>=3   ---
    1 steps  digest 254fe19d683f5b62  monolithic 254fe19d683f5b62  BITEXACT PASS  -> green
      SEAM mup (surface pressure prognostic) x: horizontally uniform, carries no seam signal, NOT GATED
      SEAM p[0] (lowest-level pressure) x: horizontally uniform, carries no seam signal, NOT GATED
    3 steps  digest 514dbf57b64e4a53  monolithic 514dbf57b64e4a53  BITEXACT PASS  -> green
      SEAM mup (surface pressure prognostic) x: horizontally uniform, carries no seam signal, NOT GATED
      SEAM p[0] (lowest-level pressure) x: horizontally uniform, carries no seam signal, NOT GATED
   24 steps  digest 207925a1ae286c59  monolithic 207925a1ae286c59  BITEXACT PASS  -> green
      SEAM mup (surface pressure prognostic) x: horizontally uniform, carries no seam signal, NOT GATED
      SEAM p[0] (lowest-level pressure) x: horizontally uniform, carries no seam signal, NOT GATED

--- ic=uniform   exchange=namespace ---
    1 steps  digest 254fe19d683f5b62  monolithic 254fe19d683f5b62  BITEXACT PASS  -> green
      SEAM mup (surface pressure prognostic) x: horizontally uniform, carries no seam signal, NOT GATED
      SEAM p[0] (lowest-level pressure) x: horizontally uniform, carries no seam signal, NOT GATED
    3 steps  digest 514dbf57b64e4a53  monolithic 514dbf57b64e4a53  BITEXACT PASS  -> green
      SEAM mup (surface pressure prognostic) x: horizontally uniform, carries no seam signal, NOT GATED
      SEAM p[0] (lowest-level pressure) x: horizontally uniform, carries no seam signal, NOT GATED
   24 steps  digest 207925a1ae286c59  monolithic 207925a1ae286c59  BITEXACT PASS  -> green
      SEAM mup (surface pressure prognostic) x: horizontally uniform, carries no seam signal, NOT GATED
      SEAM p[0] (lowest-level pressure) x: horizontally uniform, carries no seam signal, NOT GATED

--- ic=perturbed exchange=ndim>=3   ---
    1 steps  digest e5e51b631c079396  monolithic e5e51b631c079396  BITEXACT PASS  -> green
      SEAM mup (surface pressure prognostic) x: across 1.76776  elsewhere 1.77359  ratio 0.9967  PASS
      SEAM p[0] (lowest-level pressure) x: across 11.7296  elsewhere 10.6057  ratio 1.1060  PASS
    3 steps  digest 16f1527ddbefb8b1  monolithic a64064fdc8e17271  BITEXACT FAIL  -> RED
      7 carriers differ: mup, p, php, thp, u, v, w
        mup: max|d|=7.62939e-06 over 13 x-columns, span (0, 191)
        p: max|d|=0.0234375 over 1 x-columns, span (96, 96)
        php: max|d|=1.52588e-05 over 20 x-columns, span (0, 191)
        thp: max|d|=3.05176e-05 over 1 x-columns, span (96, 96)
        u: max|d|=5.21541e-07 over 20 x-columns, span (0, 192)
        v: max|d|=4.61936e-07 over 17 x-columns, span (0, 191)
        w: max|d|=9.53674e-07 over 21 x-columns, span (0, 191)
      SEAM mup (surface pressure prognostic) x: across 9.37404  elsewhere 9.40779  ratio 0.9964  PASS
      SEAM p[0] (lowest-level pressure) x: across 12.0024  elsewhere 11.8218  ratio 1.0153  PASS
   24 steps  digest c39f044b32bbe36e  monolithic a718debb73bb7dae  BITEXACT FAIL  -> RED
      9 carriers differ: al, alt, mup, p, php, thp, u, v, w
        al: max|d|=2.03848e-05 over 192 x-columns, span (0, 191)
        alt: max|d|=2.03848e-05 over 192 x-columns, span (0, 191)
        mup: max|d|=0.358311 over 192 x-columns, span (0, 191)
        p: max|d|=1.0625 over 192 x-columns, span (0, 191)
        php: max|d|=0.0315552 over 192 x-columns, span (0, 191)
        thp: max|d|=0.000457764 over 192 x-columns, span (0, 191)
        u: max|d|=0.00348413 over 193 x-columns, span (0, 192)
        v: max|d|=0.00206096 over 192 x-columns, span (0, 191)
      SEAM mup (surface pressure prognostic) x: across 9.10334  elsewhere 9.13697  ratio 0.9963  PASS
      SEAM p[0] (lowest-level pressure) x: across 1.00342  elsewhere 3.85577  ratio 0.2602  PASS

--- ic=perturbed exchange=namespace ---
    1 steps  digest e5e51b631c079396  monolithic e5e51b631c079396  BITEXACT PASS  -> green
      SEAM mup (surface pressure prognostic) x: across 1.76776  elsewhere 1.77359  ratio 0.9967  PASS
      SEAM p[0] (lowest-level pressure) x: across 11.7296  elsewhere 10.6057  ratio 1.1060  PASS
    3 steps  digest a64064fdc8e17271  monolithic a64064fdc8e17271  BITEXACT PASS  -> green
      SEAM mup (surface pressure prognostic) x: across 9.37404  elsewhere 9.40779  ratio 0.9964  PASS
      SEAM p[0] (lowest-level pressure) x: across 12.0024  elsewhere 11.8218  ratio 1.0153  PASS
   24 steps  digest a718debb73bb7dae  monolithic a718debb73bb7dae  BITEXACT PASS  -> green
      SEAM mup (surface pressure prognostic) x: across 9.10457  elsewhere 9.13693  ratio 0.9965  PASS
      SEAM p[0] (lowest-level pressure) x: across 1.10657  elsewhere 3.85542  ratio 0.2870  PASS

--- ic=perturbed exchange=namespace  +rank-tiled mup ---
    1 steps  digest 486dac5d0c3bae6a  monolithic e5e51b631c079396  BITEXACT FAIL  -> RED
      9 carriers differ: al, alt, mup, p, php, thp, u, v, w
        al: max|d|=0.00114179 over 96 x-columns, span (96, 191)
        alt: max|d|=0.00114179 over 96 x-columns, span (96, 191)
        mup: max|d|=39.67 over 96 x-columns, span (96, 191)
        p: max|d|=82.3672 over 96 x-columns, span (96, 191)
        php: max|d|=0.132009 over 96 x-columns, span (96, 191)
        thp: max|d|=9.15527e-05 over 96 x-columns, span (96, 191)
        u: max|d|=0.0143777 over 96 x-columns, span (96, 191)
        v: max|d|=0.0214831 over 96 x-columns, span (96, 191)
      SEAM mup (surface pressure prognostic) x: across 1.76768  elsewhere 1.77351  ratio 0.9967  PASS
      SEAM p[0] (lowest-level pressure) x: across 11.7312  elsewhere 10.6146  ratio 1.1052  PASS
    3 steps  digest 5abbee3c8c6e66da  monolithic a64064fdc8e17271  BITEXACT FAIL  -> RED
      9 carriers differ: al, alt, mup, p, php, thp, u, v, w
        al: max|d|=0.00118458 over 124 x-columns, span (0, 191)
        alt: max|d|=0.00118458 over 124 x-columns, span (0, 191)
        mup: max|d|=37.446 over 126 x-columns, span (0, 191)
        p: max|d|=71.8047 over 124 x-columns, span (0, 191)
        php: max|d|=1.06721 over 128 x-columns, span (0, 191)
        thp: max|d|=0.000213623 over 123 x-columns, span (0, 191)
        u: max|d|=0.0401877 over 128 x-columns, span (0, 192)
        v: max|d|=0.0612267 over 126 x-columns, span (0, 191)
      SEAM mup (surface pressure prognostic) x: across 9.3722  elsewhere 9.40757  ratio 0.9962  PASS
      SEAM p[0] (lowest-level pressure) x: across 12.0079  elsewhere 11.8256  ratio 1.0154  PASS
   24 steps  digest ef823dea14db8937  monolithic a718debb73bb7dae  BITEXACT FAIL  -> RED
      9 carriers differ: al, alt, mup, p, php, thp, u, v, w
        al: max|d|=0.00103164 over 192 x-columns, span (0, 191)
        alt: max|d|=0.00103164 over 192 x-columns, span (0, 191)
        mup: max|d|=36.9268 over 192 x-columns, span (0, 191)
        p: max|d|=75.7734 over 192 x-columns, span (0, 191)
        php: max|d|=0.671524 over 192 x-columns, span (0, 191)
        thp: max|d|=0.00213623 over 192 x-columns, span (0, 191)
        u: max|d|=0.0368533 over 193 x-columns, span (0, 192)
        v: max|d|=0.0721382 over 192 x-columns, span (0, 191)
      SEAM mup (surface pressure prognostic) x: across 9.10153  elsewhere 9.13583  ratio 0.9962  PASS
      SEAM p[0] (lowest-level pressure) x: across 0.998047  elsewhere 3.85468  ratio 0.2589  PASS

==============================================================================
DISCRIMINATION MATRIX  (green = a gate in this configuration reports PASS)
==============================================================================
configuration                                       1          3         24
ic=uniform, exchange=ndim>=3                    green      green      green
ic=uniform, exchange=namespace                  green      green      green
ic=perturbed, exchange=ndim>=3                  green        RED        RED
ic=perturbed, exchange=namespace                green      green      green
ic=perturbed, exchange=namespace, rank-tiled mup      RED        RED        RED

THE PROOF THIS GATE DISCRIMINATES, in four cells:
  1. old conditions (uniform IC, 3 steps) + the SHIPPED exchange set  -> green
  2. hardened conditions (perturbed global-sliced IC, 24 steps) + the SAME shipped set -> RED
  3. hardened conditions + the namespace fix                                -> green
  4. hardened conditions + fix + defect 2 (rank-tiled mup)                  -> RED

EVOLUTION CHECK (a row that never moved cannot gate anything): every row integrated

CUDA CONTEXTS AT END: 0 (start 0).  Box idle throughout; clean.
elapsed 7.7 s
HARDENED SEAM GATE DISCRIMINATES: YES
