
=== GATE: real specified boundaries, monolithic vs streamed, 15 steps ===
    VRAM 15.21/15.47 GiB free | host 43.5/46.8 GiB
    statics built in 15.4 s
    14 row slabs of <= 64 rows (+1 halo row)
    forcing 1985-05-31 18:00:00: 14 slabs, perimeter kept; pool 8.70 GiB
    forcing 1985-06-01 00:00:00: 14 slabs, perimeter kept; pool 8.70 GiB
    forcing 1985-06-01 06:00:00: 14 slabs, perimeter kept; pool 8.70 GiB
    forcing 1985-06-01 12:00:00: 14 slabs, perimeter kept; pool 8.70 GiB
    forcing 1985-06-01 18:00:00: 14 slabs, perimeter kept; pool 8.70 GiB
    forcing 1985-05-31 12:00:00: 14 slabs, perimeter kept; pool 8.70 GiB
soil moisture floor: 2265 sub-air-dry land value(s) floored to the soil type's SMCDRY across ['SMOIS_L1', 'SMOIS_L2', 'SMOIS_L3', 'SMOIS_L4'] (min pre-floor 0.015464); WRF real.exe resets such columns to 0.005 (module_initialize_real.F:3376)
    prepared 960x864x49 from 6 forcing times in 139.4 s
    ingest device high-water 12.24 GiB (15851 B per mass cell)
    specified=True open_x=False open_y=False spec_zone=1 relax_zone=4 spec_bdy_width=5
    5 boundary intervals, ['mu', 'phi', 'qv', 'theta', 'u', 'v']
Traceback (most recent call last):
  File "<frozen runpy>", line 198, in _run_module_as_main
  File "<frozen runpy>", line 88, in _run_code
  File "/workspace/wt-tip/tilestream/run_realcase.py", line 606, in <module>
    main()
  File "/workspace/wt-tip/tilestream/run_realcase.py", line 601, in main
    {"gate": stage_gate, "ceiling": stage_ceiling,
  File "/workspace/wt-tip/tilestream/run_realcase.py", line 107, in stage_gate
    step(state, cfg)
  File "/workspace/wt-tip/gpuwm/core/dycore.py", line 2413, in step
    physics_tendencies = state.physics.compute(state, cfg)
                         ^^^^^^^^^^^^^^^^^^^^^^^^^^^^^^^^^
  File "/workspace/wt-tip/gpuwm/core/physics.py", line 3538, in compute
    self._run_radiation(atmosphere, state, cfg)
  File "/workspace/wt-tip/gpuwm/core/physics.py", line 1973, in _run_radiation
    result = self.radiation_callable(
             ^^^^^^^^^^^^^^^^^^^^^^^^
  File "/workspace/wt-tip/gpuwm/core/rrtmgp.py", line 2041, in __call__
    tlev = _interface_temperatures(play, plev, tlay)
           ^^^^^^^^^^^^^^^^^^^^^^^^^^^^^^^^^^^^^^^^^
  File "/workspace/wt-tip/gpuwm/core/rrtmgp.py", line 2482, in _interface_temperatures
    play[:, :-1] * tlay[:, :-1] * (plev[:, 1:-1] - play[:, 1:])
                                   ~~~~~~~~~~~~~~^~~~~~~~~~~~~
  File "cupy/_core/core.pyx", line 1558, in cupy._core.core._ndarray_base.__sub__
  File "cupy/_core/_kernel.pyx", line 1374, in cupy._core._kernel.ufunc.__call__
  File "cupy/_core/_kernel.pyx", line 657, in cupy._core._kernel._get_out_args_from_optionals
  File "cupy/_core/core.pyx", line 3250, in cupy._core.core._ndarray_init
  File "cupy/_core/core.pyx", line 300, in cupy._core.core._ndarray_base._init_fast
  File "cupy/cuda/memory.pyx", line 904, in cupy.cuda.memory.alloc
  File "cupy/cuda/memory.pyx", line 1614, in cupy.cuda.memory.MemoryPool.malloc
  File "cupy/cuda/memory.pyx", line 1635, in cupy.cuda.memory.MemoryPool.malloc
  File "cupy/cuda/memory.pyx", line 1350, in cupy.cuda.memory.SingleDeviceMemoryPool.malloc
  File "cupy/cuda/memory.pyx", line 1376, in cupy.cuda.memory.SingleDeviceMemoryPool._malloc
  File "cupy/cuda/memory.pyx", line 1560, in cupy.cuda.memory.SingleDeviceMemoryPool._try_malloc
cupy.cuda.memory.OutOfMemoryError: Out of memory allocating 159,252,480 bytes (allocated so far: 16,078,177,280 bytes).
