
=== GATE: real specified boundaries, monolithic vs streamed, 12 steps ===
    VRAM 15.21/15.47 GiB free | host 43.6/46.8 GiB
    statics built in 12.0 s
    12 row slabs of <= 64 rows (+1 halo row)
    forcing 1985-05-31 18:00:00: 12 slabs, perimeter kept; pool 6.96 GiB
    forcing 1985-06-01 00:00:00: 12 slabs, perimeter kept; pool 6.96 GiB
    forcing 1985-06-01 06:00:00: 12 slabs, perimeter kept; pool 6.96 GiB
    forcing 1985-06-01 12:00:00: 12 slabs, perimeter kept; pool 6.96 GiB
    forcing 1985-06-01 18:00:00: 12 slabs, perimeter kept; pool 6.96 GiB
    forcing 1985-05-31 12:00:00: 12 slabs, perimeter kept; pool 6.96 GiB
soil moisture floor: 1746 sub-air-dry land value(s) floored to the soil type's SMCDRY across ['SMOIS_L1', 'SMOIS_L2', 'SMOIS_L3', 'SMOIS_L4'] (min pre-floor 0.0154677); WRF real.exe resets such columns to 0.005 (module_initialize_real.F:3376)
    prepared 864x768x49 from 6 forcing times in 109.7 s
    ingest device high-water 9.81 GiB (15877 B per mass cell)
    specified=True open_x=False open_y=False spec_zone=1 relax_zone=4 spec_bdy_width=5
    5 boundary intervals, ['mu', 'phi', 'qv', 'theta', 'u', 'v']
Traceback (most recent call last):
  File "<frozen runpy>", line 198, in _run_module_as_main
  File "<frozen runpy>", line 88, in _run_code
  File "/workspace/wt-tip/tilestream/run_realcase.py", line 606, in <module>
    main()
  File "/workspace/wt-tip/tilestream/run_realcase.py", line 601, in main
    {"gate": stage_gate, "ceiling": stage_ceiling,
  File "/workspace/wt-tip/tilestream/run_realcase.py", line 107, in stage_gate
    step(state, cfg)
  File "/workspace/wt-tip/gpuwm/core/dycore.py", line 2413, in step
    physics_tendencies = state.physics.compute(state, cfg)
                         ^^^^^^^^^^^^^^^^^^^^^^^^^^^^^^^^^
  File "/workspace/wt-tip/gpuwm/core/physics.py", line 3538, in compute
    self._run_radiation(atmosphere, state, cfg)
  File "/workspace/wt-tip/gpuwm/core/physics.py", line 1973, in _run_radiation
    result = self.radiation_callable(
             ^^^^^^^^^^^^^^^^^^^^^^^^
  File "/workspace/wt-tip/gpuwm/core/rrtmgp.py", line 2179, in __call__
    paths = hydrometeor_paths(
            ^^^^^^^^^^^^^^^^^^
  File "/workspace/wt-tip/gpuwm/core/rrtmgp.py", line 1302, in hydrometeor_paths
    wi = cp.where((qi > 0) & (nip > 0), nip, DTYPE(0.0))
         ^^^^^^^^^^^^^^^^^^^^^^^^^^^^^^^^^^^^^^^^^^^^^^^
  File "/workspace/venv-overlap/lib/python3.12/site-packages/cupy/_sorting/search.py", line 210, in where
    return _where_ufunc(condition.astype('?', copy=False), x, y)
           ^^^^^^^^^^^^^^^^^^^^^^^^^^^^^^^^^^^^^^^^^^^^^^^^^^^^^
  File "cupy/_core/_kernel.pyx", line 1374, in cupy._core._kernel.ufunc.__call__
  File "cupy/_core/_kernel.pyx", line 657, in cupy._core._kernel._get_out_args_from_optionals
  File "cupy/_core/core.pyx", line 3250, in cupy._core.core._ndarray_init
  File "cupy/_core/core.pyx", line 300, in cupy._core.core._ndarray_base._init_fast
  File "cupy/cuda/memory.pyx", line 904, in cupy.cuda.memory.alloc
  File "cupy/cuda/memory.pyx", line 1614, in cupy.cuda.memory.MemoryPool.malloc
  File "cupy/cuda/memory.pyx", line 1635, in cupy.cuda.memory.MemoryPool.malloc
  File "cupy/cuda/memory.pyx", line 1350, in cupy.cuda.memory.SingleDeviceMemoryPool.malloc
  File "cupy/cuda/memory.pyx", line 1376, in cupy.cuda.memory.SingleDeviceMemoryPool._malloc
  File "cupy/cuda/memory.pyx", line 1560, in cupy.cuda.memory.SingleDeviceMemoryPool._try_malloc
cupy.cuda.memory.OutOfMemoryError: Out of memory allocating 130,056,192 bytes (allocated so far: 15,873,808,384 bytes).
