DEVICE {"name": "NVIDIA GeForce RTX 5080", "asyncEngineCount": 2, "totalGlobalMem_GiB": 15.47100830078125, "cupy": "14.1.1", "driver": 13010, "runtime": 13020}
    statics built in 7.5 s
    9 row slabs of <= 64 rows (+1 halo row)
    forcing 1985-05-31 18:00:00: 9 slabs, perimeter kept; pool 3.92 GiB
    forcing 1985-06-01 00:00:00: 9 slabs, perimeter kept; pool 3.92 GiB
    forcing 1985-06-01 06:00:00: 9 slabs, perimeter kept; pool 3.92 GiB
    forcing 1985-06-01 12:00:00: 9 slabs, perimeter kept; pool 3.92 GiB
    forcing 1985-06-01 18:00:00: 9 slabs, perimeter kept; pool 3.92 GiB
    forcing 1985-05-31 12:00:00: 9 slabs, perimeter kept; pool 3.92 GiB
soil moisture floor: 985 sub-air-dry land value(s) floored to the soil type's SMCDRY across ['SMOIS_L1', 'SMOIS_L2', 'SMOIS_L3', 'SMOIS_L4'] (min pre-floor 0.0130313); WRF real.exe resets such columns to 0.005 (module_initialize_real.F:3376)
    prepared 648x576x49 from 6 forcing times in 62.7 s
    ingest device high-water 5.55 GiB (15960 B per mass cell)
    settling step SKIPPED (settle=False): this domain is past the resident ceiling, and run_tiled's inventory match is the guard that a lazy carrier cannot slip through
    store 139 carriers, 3.15 GiB pinned (185.0 B/cell); geography 15 arrays, 0.29 GiB
    before release: pool live 5.54 GiB, pool held 5.54 GiB, device free 9.57/15.47 GiB
    after release : pool live 0.00 GiB, pool held 0.00 GiB, device free 15.19/15.47 GiB
DECISION [tiles] ON (host store): [tiles] mode = 'on'; tile 324x288, nbuffers=3, halo=16
PLAN 4 tiles of 328x364, halo 20, nbuffers 3
    windowed lateral boundaries: 4 tiles x 5 intervals x 6 fields = 0.51 GiB host
SETUP TiledRun 25.8s (factory 25.7s)  overlap=off deferred_seam=False
STEP 2 wall   4972.4 ms  (control)
STEP 3 wall   4827.6 ms  (control)
STEP 4 wall   4796.1 ms  (control)
STEP 5 wall   4779.7 ms  (control)
STEP 6 wall   4822.6 ms  (control)
STEP 7 wall   4935.9 ms  (control)
STEP 8 wall   4710.9 ms  (control)
STEP 9 wall   4865.3 ms  (control)
STEP 10 wall   4908.7 ms  (control)
STEP 11 wall   4969.1 ms  (control)
STEP 12 wall  36020.8 ms  (control)
STEP 13 wall   4770.6 ms  (control)
WINDOW {"window_s": 89.37994570699811, "steps": 12, "per_step_ms": 7448.32880891651, "overlap": "off", "deferred_seam": false, "rep": 1}
WINDOW {"window_s": 88.6254773529945, "steps": 12, "per_step_ms": 7385.456446082874, "overlap": "off", "deferred_seam": false, "rep": 2}
WINDOW {"window_s": 88.46568443000433, "steps": 12, "per_step_ms": 7372.1403691670275, "overlap": "off", "deferred_seam": false, "rep": 3}
RESULT {"device": {"name": "NVIDIA GeForce RTX 5080", "asyncEngineCount": 2, "totalGlobalMem_GiB": 15.47100830078125, "cupy": "14.1.1", "driver": 13010, "runtime": 13020}, "config": "/workspace/overlap/arm_a_dx4km.toml", "bind": null, "nx": 648, "ny": 576, "nz": 49, "dx_m": 4000.0, "dt_s": 20.0, "decision": "[tiles] ON (host store): [tiles] mode = 'on'; tile 324x288, nbuffers=3, halo=16", "steps": 12, "warmup": 2, "control": true, "overlap": "off", "deferred_seam": false, "window": {"window_s": 89.37994570699811, "steps": 12, "per_step_ms": 7448.32880891651, "overlap": "off", "deferred_seam": false, "rep": 1}, "windows": [{"window_s": 89.37994570699811, "steps": 12, "per_step_ms": 7448.32880891651, "overlap": "off", "deferred_seam": false, "rep": 1}, {"window_s": 88.6254773529945, "steps": 12, "per_step_ms": 7385.456446082874, "overlap": "off", "deferred_seam": false, "rep": 2}, {"window_s": 88.46568443000433, "steps": 12, "per_step_ms": 7372.1403691670275, "overlap": "off", "deferred_seam": false, "rep": 3}]}
