DEVICE {"name": "NVIDIA GeForce RTX 5080", "asyncEngineCount": 2, "totalGlobalMem_GiB": 15.47100830078125, "cupy": "14.1.1", "driver": 13010, "runtime": 13020}
    statics built in 12.5 s
    12 row slabs of <= 64 rows (+1 halo row)
    forcing 1985-05-31 18:00:00: 12 slabs, perimeter kept; pool 6.96 GiB
    forcing 1985-06-01 00:00:00: 12 slabs, perimeter kept; pool 6.96 GiB
    forcing 1985-06-01 06:00:00: 12 slabs, perimeter kept; pool 6.96 GiB
    forcing 1985-06-01 12:00:00: 12 slabs, perimeter kept; pool 6.96 GiB
    forcing 1985-06-01 18:00:00: 12 slabs, perimeter kept; pool 6.96 GiB
    forcing 1985-05-31 12:00:00: 12 slabs, perimeter kept; pool 6.96 GiB
soil moisture floor: 1746 sub-air-dry land value(s) floored to the soil type's SMCDRY across ['SMOIS_L1', 'SMOIS_L2', 'SMOIS_L3', 'SMOIS_L4'] (min pre-floor 0.0154677); WRF real.exe resets such columns to 0.005 (module_initialize_real.F:3376)
    prepared 864x768x49 from 6 forcing times in 112.0 s
    ingest device high-water 9.81 GiB (15877 B per mass cell)
    settling step SKIPPED (settle=False): this domain is past the resident ceiling, and run_tiled's inventory match is the guard that a lazy carrier cannot slip through
    store 139 carriers, 5.60 GiB pinned (184.9 B/cell); geography 15 arrays, 0.51 GiB
    before release: pool live 9.81 GiB, pool held 9.81 GiB, device free 5.09/15.47 GiB
    after release : pool live 0.00 GiB, pool held 0.00 GiB, device free 15.19/15.47 GiB
DECISION [tiles] ON (host store): [tiles] mode = 'on'; tile 432x384, nbuffers=2, halo=16
PLAN 4 tiles of 424x472, halo 20, nbuffers 2
    windowed lateral boundaries: 4 tiles x 5 intervals x 6 fields = 0.66 GiB host
SETUP TiledRun 28.7s (factory 28.6s)  overlap=off deferred_seam=False
STEP 2 wall   8132.0 ms  (control)
STEP 3 wall   8080.6 ms  (control)
STEP 4 wall   8021.5 ms  (control)
STEP 5 wall   8281.4 ms  (control)
STEP 6 wall   8022.1 ms  (control)
STEP 7 wall   8111.2 ms  (control)
STEP 8 wall   8138.3 ms  (control)
STEP 9 wall   8385.6 ms  (control)
STEP 10 wall   8261.1 ms  (control)
STEP 11 wall   8528.8 ms  (control)
STEP 12 wall  61543.9 ms  (control)
STEP 13 wall   8252.7 ms  (control)
WINDOW {"window_s": 151.75952436600346, "steps": 12, "per_step_ms": 12646.627030500289, "overlap": "off", "deferred_seam": false, "rep": 1}
WINDOW {"window_s": 153.34057813399704, "steps": 12, "per_step_ms": 12778.38151116642, "overlap": "off", "deferred_seam": false, "rep": 2}
WINDOW {"window_s": 152.67850786200142, "steps": 12, "per_step_ms": 12723.208988500119, "overlap": "off", "deferred_seam": false, "rep": 3}
RESULT {"device": {"name": "NVIDIA GeForce RTX 5080", "asyncEngineCount": 2, "totalGlobalMem_GiB": 15.47100830078125, "cupy": "14.1.1", "driver": 13010, "runtime": 13020}, "config": "/workspace/overlap/arm_b_dx3km.toml", "bind": null, "nx": 864, "ny": 768, "nz": 49, "dx_m": 3000.0, "dt_s": 15.0, "decision": "[tiles] ON (host store): [tiles] mode = 'on'; tile 432x384, nbuffers=2, halo=16", "steps": 12, "warmup": 2, "control": true, "overlap": "off", "deferred_seam": false, "window": {"window_s": 151.75952436600346, "steps": 12, "per_step_ms": 12646.627030500289, "overlap": "off", "deferred_seam": false, "rep": 1}, "windows": [{"window_s": 151.75952436600346, "steps": 12, "per_step_ms": 12646.627030500289, "overlap": "off", "deferred_seam": false, "rep": 1}, {"window_s": 153.34057813399704, "steps": 12, "per_step_ms": 12778.38151116642, "overlap": "off", "deferred_seam": false, "rep": 2}, {"window_s": 152.67850786200142, "steps": 12, "per_step_ms": 12723.208988500119, "overlap": "off", "deferred_seam": false, "rep": 3}]}
